Archive member included to satisfy reference by file (symbol)

/home/ez2take/projects/ml_with_tee/arch_rpi3/optee_os/out/arm/export-ta_arm64/lib/libutils.a(bget_malloc.o)
                              ./ml_with_tee_ta.o (malloc)
/home/ez2take/projects/ml_with_tee/arch_rpi3/optee_os/out/arm/export-ta_arm64/lib/libutils.a(snprintf.o)
                              ./ml_with_tee_ta.o (vsnprintf)
/home/ez2take/projects/ml_with_tee/arch_rpi3/optee_os/out/arm/export-ta_arm64/lib/libutils.a(memcpy.o)
                              ./ml_with_tee_ta.o (memcpy)
/home/ez2take/projects/ml_with_tee/arch_rpi3/optee_os/out/arm/export-ta_arm64/lib/libutils.a(memset.o)
                              /home/ez2take/projects/ml_with_tee/arch_rpi3/optee_os/out/arm/export-ta_arm64/lib/libutils.a(bget_malloc.o) (memset)
/home/ez2take/projects/ml_with_tee/arch_rpi3/optee_os/out/arm/export-ta_arm64/lib/libutils.a(snprintk.o)
                              /home/ez2take/projects/ml_with_tee/arch_rpi3/optee_os/out/arm/export-ta_arm64/lib/libutils.a(snprintf.o) (__vsnprintf)
/home/ez2take/projects/ml_with_tee/arch_rpi3/optee_os/out/arm/export-ta_arm64/lib/libutils.a(trace.o)
                              ./ml_with_tee_ta.o (trace_printf)
/home/ez2take/projects/ml_with_tee/arch_rpi3/optee_os/out/arm/export-ta_arm64/lib/libutils.a(memchr.o)
                              /home/ez2take/projects/ml_with_tee/arch_rpi3/optee_os/out/arm/export-ta_arm64/lib/libutils.a(snprintk.o) (memchr)
/home/ez2take/projects/ml_with_tee/arch_rpi3/optee_os/out/arm/export-ta_arm64/lib/libutils.a(strlen.o)
                              /home/ez2take/projects/ml_with_tee/arch_rpi3/optee_os/out/arm/export-ta_arm64/lib/libutils.a(snprintk.o) (strlen)
/home/ez2take/projects/ml_with_tee/arch_rpi3/optee_os/out/arm/export-ta_arm64/lib/libutee.a(assert.o)
                              /home/ez2take/projects/ml_with_tee/arch_rpi3/optee_os/out/arm/export-ta_arm64/lib/libutils.a(bget_malloc.o) (_assert_log)
/home/ez2take/projects/ml_with_tee/arch_rpi3/optee_os/out/arm/export-ta_arm64/lib/libutee.a(trace_ext.o)
                              /home/ez2take/projects/ml_with_tee/arch_rpi3/optee_os/out/arm/export-ta_arm64/lib/libutils.a(trace.o) (trace_ext_puts)
/home/ez2take/projects/ml_with_tee/arch_rpi3/optee_os/out/arm/export-ta_arm64/lib/libutee.a(tee_api.o)
                              ./ml_with_tee_ta.o (TEE_GetSystemTime)
/home/ez2take/projects/ml_with_tee/arch_rpi3/optee_os/out/arm/export-ta_arm64/lib/libutee.a(tee_api_panic.o)
                              /home/ez2take/projects/ml_with_tee/arch_rpi3/optee_os/out/arm/export-ta_arm64/lib/libutee.a(tee_api.o) (TEE_Panic)
/home/ez2take/projects/ml_with_tee/arch_rpi3/optee_os/out/arm/export-ta_arm64/lib/libutee.a(tee_system_pta.o)
                              /home/ez2take/projects/ml_with_tee/arch_rpi3/optee_os/out/arm/export-ta_arm64/lib/libutee.a(tee_api.o) (tee_map_zi)
/home/ez2take/projects/ml_with_tee/arch_rpi3/optee_os/out/arm/export-ta_arm64/lib/libutee.a(utee_syscalls_a64.o)
                              /home/ez2take/projects/ml_with_tee/arch_rpi3/optee_os/out/arm/export-ta_arm64/lib/libutee.a(assert.o) (_utee_panic)
/home/ez2take/projects/ml_with_tee/arch_rpi3/optee_os/out/arm/export-ta_arm64/lib/libutee.a(user_ta_entry.o)
                              ./user_ta_header.o (__utee_entry)
/home/ez2take/projects/ml_with_tee/arch_rpi3/optee_os/out/arm/export-ta_arm64/lib/libutee.a(abort.o)
                              /home/ez2take/projects/ml_with_tee/arch_rpi3/optee_os/out/arm/export-ta_arm64/lib/libutee.a(user_ta_entry.o) (abort)
/home/ez2take/projects/ml_with_tee/arch_rpi3/optee_os/out/arm/export-ta_arm64/lib/libutee.a(tee_api_arith_mpi.o)
                              /home/ez2take/projects/ml_with_tee/arch_rpi3/optee_os/out/arm/export-ta_arm64/lib/libutee.a(user_ta_entry.o) (_TEE_MathAPI_Init)
/home/ez2take/projects/ml_with_tee/arch_rpi3/optee_os/out/arm/export-ta_arm64/lib/libutee.a(tcb.o)
                              /home/ez2take/projects/ml_with_tee/arch_rpi3/optee_os/out/arm/export-ta_arm64/lib/libutee.a(user_ta_entry.o) (__utee_tcb_init)
/home/ez2take/projects/ml_with_tee/arch_rpi3/optee_os/out/arm/export-ta_arm64/lib/libmbedtls.a(bignum.o)
                              /home/ez2take/projects/ml_with_tee/arch_rpi3/optee_os/out/arm/export-ta_arm64/lib/libutee.a(tee_api_arith_mpi.o) (mbedtls_mpi_init_mempool)
/home/ez2take/projects/ml_with_tee/arch_rpi3/optee_os/out/arm/export-ta_arm64/lib/libmbedtls.a(platform_util.o)
                              /home/ez2take/projects/ml_with_tee/arch_rpi3/optee_os/out/arm/export-ta_arm64/lib/libmbedtls.a(bignum.o) (mbedtls_platform_zeroize)
/home/ez2take/projects/ml_with_tee/arch_rpi3/optee_os/out/arm/export-ta_arm64/lib/libutils.a(memmove.o)
                              /home/ez2take/projects/ml_with_tee/arch_rpi3/optee_os/out/arm/export-ta_arm64/lib/libutee.a(tee_api.o) (memmove)
[...]
Memory Configuration

Name             Origin             Length             Attributes
*default*        0x0000000000000000 0xffffffffffffffff

Linker script and memory map


.ta_head        0x0000000000000000       0x20
 *(SORT_BY_ALIGNMENT(.ta_head))
 .ta_head       0x0000000000000000       0x20 ./user_ta_header.o
                0x0000000000000000                ta_head

.text           0x0000000000000020     0x9d50
                0x0000000000000020                __text_start = .
 *(SORT_BY_ALIGNMENT(.text) SORT_BY_ALIGNMENT(.text.*))
 .text          0x0000000000000020       0xec /home/ez2take/projects/ml_with_tee/arch_rpi3/optee_os/out/arm/export-ta_arm64/lib/libutils.a(memcpy.o)
                0x0000000000000020                memcpy
 .text          0x000000000000010c      0x81c ./ml_with_tee_ta.o
                0x000000000000010c                TVMPlatformFormatMessage
                0x0000000000000164                TVMPlatformAbort
                0x0000000000000190                TVMPlatformMemoryAllocate
                0x00000000000001bc                TVMPlatformMemoryFree
                0x00000000000001d8                TVMPlatformTimerStart
                0x0000000000000240                TVMPlatformTimerStop
                0x00000000000002d4                TVMLogf
                0x00000000000003c8                TVMModCreateFromCModuleWrapper
                0x0000000000000454                TVMGraphExecutor_CreateWrapper
                0x0000000000000504                TVMGraphExecutor_LoadParamsWrapper
                0x00000000000005a4                TVMGraphExecutor_RunWrapper
                0x0000000000000680                TVMGraphExecutor_GetOutputWrapper
                0x0000000000000764                TVMGraphExecutor_ReleaseWrapper
                0x00000000000007ec                TA_CreateEntryPoint
                0x0000000000000824                TA_DestroyEntryPoint
                0x0000000000000848                TA_OpenSessionEntryPoint
                0x00000000000008b8                TA_CloseSessionEntryPoint
                0x00000000000008dc                TA_InvokeCommandEntryPoint
 .text          0x0000000000000928       0x1c ./user_ta_header.o
                0x0000000000000928                __ta_entry
                0x000000000000093c                tahead_get_trace_level
 .text          0x0000000000000944      0xda0 /home/ez2take/projects/ml_with_tee/arch_rpi3/optee_os/out/arm/export-ta_arm64/lib/libutils.a(bget_malloc.o)
                0x000000000000098c                bget
                0x0000000000000c54                bgetz
                0x0000000000000ce0                brel
                0x0000000000000f9c                bgetr
                0x0000000000001070                bpool
                0x0000000000001144                bstats
                0x00000000000011dc                malloc_reset_stats
                0x00000000000011f4                malloc_get_stats
                0x000000000000122c                malloc
                0x0000000000001284                calloc
                0x00000000000012ec                realloc
                0x0000000000001344                memalign
                0x00000000000013bc                free
                0x00000000000013d4                free_wipe
                0x00000000000013ec                malloc_add_pool
                0x0000000000001504                malloc_buffer_is_within_alloced
                0x0000000000001680                malloc_buffer_overlaps_heap
 .text          0x00000000000016e4       0xd0 /home/ez2take/projects/ml_with_tee/arch_rpi3/optee_os/out/arm/export-ta_arm64/lib/libutils.a(snprintf.o)
                0x00000000000016e4                snprintf
                0x000000000000175c                vsnprintf
 .text          0x00000000000017b4       0x1c /home/ez2take/projects/ml_with_tee/arch_rpi3/optee_os/out/arm/export-ta_arm64/lib/libutils.a(memset.o)
                0x00000000000017b4                memset
 .text          0x00000000000017d0      0xd3c /home/ez2take/projects/ml_with_tee/arch_rpi3/optee_os/out/arm/export-ta_arm64/lib/libutils.a(snprintk.o)
                0x00000000000017d0                __vsnprintf
                0x0000000000001860                vsnprintk
                0x00000000000018b8                snprintk
                0x00000000000024c0                __vsprintf
 .text          0x000000000000250c      0x290 /home/ez2take/projects/ml_with_tee/arch_rpi3/optee_os/out/arm/export-ta_arm64/lib/libutils.a(trace.o)
                0x000000000000250c                trace_set_level
                0x0000000000002528                trace_get_level
                0x0000000000002538                trace_vprintf
                0x0000000000002728                trace_printf
                0x0000000000002798                dhex_dump
 .text          0x000000000000279c       0x2c /home/ez2take/projects/ml_with_tee/arch_rpi3/optee_os/out/arm/export-ta_arm64/lib/libutils.a(memchr.o)
                0x000000000000279c                memchr
 .text          0x00000000000027c8       0x1c /home/ez2take/projects/ml_with_tee/arch_rpi3/optee_os/out/arm/export-ta_arm64/lib/libutils.a(strlen.o)
                0x00000000000027c8                strlen
 .text          0x00000000000027e4       0x58 /home/ez2take/projects/ml_with_tee/arch_rpi3/optee_os/out/arm/export-ta_arm64/lib/libutee.a(assert.o)
                0x00000000000027e4                _assert_log
                0x0000000000002828                _assert_break
 .text          0x000000000000283c      0x174 /home/ez2take/projects/ml_with_tee/arch_rpi3/optee_os/out/arm/export-ta_arm64/lib/libutee.a(trace_ext.o)
                0x000000000000283c                trace_ext_puts
                0x0000000000002864                trace_ext_get_thread_id
                0x000000000000286c                printf
                0x0000000000002934                puts
                0x0000000000002974                putchar
 .text          0x00000000000029b0      0x794 /home/ez2take/projects/ml_with_tee/arch_rpi3/optee_os/out/arm/export-ta_arm64/lib/libutee.a(tee_api.o)
                0x0000000000002a5c                TEE_CloseTASession
                0x0000000000002a84                TEE_GetCancellationFlag
                0x0000000000002ab0                TEE_UnmaskCancellation
                0x0000000000002adc                TEE_MaskCancellation
                0x0000000000002b08                TEE_CheckMemoryAccessRights
                0x0000000000002cec                TEE_OpenTASession
                0x0000000000002de4                TEE_InvokeTACommand
                0x0000000000002f0c                TEE_SetInstanceData
                0x0000000000002f18                TEE_GetInstanceData
                0x0000000000002f24                TEE_MemMove
                0x0000000000002f2c                TEE_MemCompare
                0x0000000000002f34                TEE_MemFill
                0x0000000000002f3c                TEE_GetSystemTime
                0x0000000000002f64                TEE_Wait
                0x0000000000002fa0                TEE_GetTAPersistentTime
                0x0000000000003018                TEE_SetTAPersistentTime
                0x000000000000305c                TEE_GetREETime
                0x0000000000003084                TEE_Malloc
                0x00000000000030ec                TEE_Free
                0x00000000000030fc                TEE_Realloc
                0x000000000000312c                TEE_CacheClean
                0x0000000000003134                TEE_CacheFlush
                0x000000000000313c                TEE_CacheInvalidate
 .text          0x0000000000003144      0x160 /home/ez2take/projects/ml_with_tee/arch_rpi3/optee_os/out/arm/export-ta_arm64/lib/libutee.a(tee_api_panic.o)
                0x0000000000003160                TEE_Panic
                0x0000000000003178                __utee_check_outbuf_annotation
                0x00000000000031c4                __utee_check_instring_annotation
                0x00000000000031f4                __utee_check_outstring_annotation
                0x0000000000003240                __utee_check_out_annotation
                0x0000000000003260                __utee_check_attr_in_annotation
                0x0000000000003284                __utee_check_inout_annotation
 .text          0x00000000000032a4      0x230 /home/ez2take/projects/ml_with_tee/arch_rpi3/optee_os/out/arm/export-ta_arm64/lib/libutee.a(tee_system_pta.o)
                0x000000000000332c                tee_map_zi
                0x0000000000003390                tee_unmap
                0x000000000000341c                tee_invoke_supp_plugin
 .text._utee_panic
                0x00000000000034d4        0xc /home/ez2take/projects/ml_with_tee/arch_rpi3/optee_os/out/arm/export-ta_arm64/lib/libutee.a(utee_syscalls_a64.o)
                0x00000000000034d4                _utee_panic
 .text._utee_return
                0x00000000000034e0        0xc /home/ez2take/projects/ml_with_tee/arch_rpi3/optee_os/out/arm/export-ta_arm64/lib/libutee.a(utee_syscalls_a64.o)
                0x00000000000034e0                _utee_return
 .text._utee_log
                0x00000000000034ec        0xc /home/ez2take/projects/ml_with_tee/arch_rpi3/optee_os/out/arm/export-ta_arm64/lib/libutee.a(utee_syscalls_a64.o)
                0x00000000000034ec                _utee_log
 .text.__utee_panic
                0x00000000000034f8        0xc /home/ez2take/projects/ml_with_tee/arch_rpi3/optee_os/out/arm/export-ta_arm64/lib/libutee.a(utee_syscalls_a64.o)
                0x00000000000034f8                __utee_panic
 .text._utee_get_property
                0x0000000000003504        0xc /home/ez2take/projects/ml_with_tee/arch_rpi3/optee_os/out/arm/export-ta_arm64/lib/libutee.a(utee_syscalls_a64.o)
                0x0000000000003504                _utee_get_property
 .text._utee_get_property_name_to_index
                0x0000000000003510        0xc /home/ez2take/projects/ml_with_tee/arch_rpi3/optee_os/out/arm/export-ta_arm64/lib/libutee.a(utee_syscalls_a64.o)
                0x0000000000003510                _utee_get_property_name_to_index
 .text._utee_open_ta_session
                0x000000000000351c        0xc /home/ez2take/projects/ml_with_tee/arch_rpi3/optee_os/out/arm/export-ta_arm64/lib/libutee.a(utee_syscalls_a64.o)
                0x000000000000351c                _utee_open_ta_session
 .text._utee_close_ta_session
                0x0000000000003528        0xc /home/ez2take/projects/ml_with_tee/arch_rpi3/optee_os/out/arm/export-ta_arm64/lib/libutee.a(utee_syscalls_a64.o)
                0x0000000000003528                _utee_close_ta_session
 .text._utee_invoke_ta_command
                0x0000000000003534        0xc /home/ez2take/projects/ml_with_tee/arch_rpi3/optee_os/out/arm/export-ta_arm64/lib/libutee.a(utee_syscalls_a64.o)
                0x0000000000003534                _utee_invoke_ta_command
 .text._utee_get_cancellation_flag
                0x0000000000003540        0xc /home/ez2take/projects/ml_with_tee/arch_rpi3/optee_os/out/arm/export-ta_arm64/lib/libutee.a(utee_syscalls_a64.o)
                0x0000000000003540                _utee_get_cancellation_flag
 .text._utee_check_access_rights
                0x000000000000354c        0xc /home/ez2take/projects/ml_with_tee/arch_rpi3/optee_os/out/arm/export-ta_arm64/lib/libutee.a(utee_syscalls_a64.o)
                0x000000000000354c                _utee_check_access_rights
 .text._utee_unmask_cancellation
                0x0000000000003558        0xc /home/ez2take/projects/ml_with_tee/arch_rpi3/optee_os/out/arm/export-ta_arm64/lib/libutee.a(utee_syscalls_a64.o)
                0x0000000000003558                _utee_unmask_cancellation
 .text._utee_mask_cancellation
                0x0000000000003564        0xc /home/ez2take/projects/ml_with_tee/arch_rpi3/optee_os/out/arm/export-ta_arm64/lib/libutee.a(utee_syscalls_a64.o)
                0x0000000000003564                _utee_mask_cancellation
 .text._utee_wait
                0x0000000000003570        0xc /home/ez2take/projects/ml_with_tee/arch_rpi3/optee_os/out/arm/export-ta_arm64/lib/libutee.a(utee_syscalls_a64.o)
                0x0000000000003570                _utee_wait
 .text._utee_get_time
                0x000000000000357c        0xc /home/ez2take/projects/ml_with_tee/arch_rpi3/optee_os/out/arm/export-ta_arm64/lib/libutee.a(utee_syscalls_a64.o)
                0x000000000000357c                _utee_get_time
 .text._utee_set_ta_time
                0x0000000000003588        0xc /home/ez2take/projects/ml_with_tee/arch_rpi3/optee_os/out/arm/export-ta_arm64/lib/libutee.a(utee_syscalls_a64.o)
                0x0000000000003588                _utee_set_ta_time
 .text._utee_cryp_state_alloc
                0x0000000000003594        0xc /home/ez2take/projects/ml_with_tee/arch_rpi3/optee_os/out/arm/export-ta_arm64/lib/libutee.a(utee_syscalls_a64.o)
                0x0000000000003594                _utee_cryp_state_alloc
 .text._utee_cryp_state_copy
                0x00000000000035a0        0xc /home/ez2take/projects/ml_with_tee/arch_rpi3/optee_os/out/arm/export-ta_arm64/lib/libutee.a(utee_syscalls_a64.o)
                0x00000000000035a0                _utee_cryp_state_copy
 .text._utee_cryp_state_free
                0x00000000000035ac        0xc /home/ez2take/projects/ml_with_tee/arch_rpi3/optee_os/out/arm/export-ta_arm64/lib/libutee.a(utee_syscalls_a64.o)
                0x00000000000035ac                _utee_cryp_state_free
 .text._utee_hash_init
                0x00000000000035b8        0xc /home/ez2take/projects/ml_with_tee/arch_rpi3/optee_os/out/arm/export-ta_arm64/lib/libutee.a(utee_syscalls_a64.o)
                0x00000000000035b8                _utee_hash_init
 .text._utee_hash_update
                0x00000000000035c4        0xc /home/ez2take/projects/ml_with_tee/arch_rpi3/optee_os/out/arm/export-ta_arm64/lib/libutee.a(utee_syscalls_a64.o)
                0x00000000000035c4                _utee_hash_update
 .text._utee_hash_final
                0x00000000000035d0        0xc /home/ez2take/projects/ml_with_tee/arch_rpi3/optee_os/out/arm/export-ta_arm64/lib/libutee.a(utee_syscalls_a64.o)
                0x00000000000035d0                _utee_hash_final
 .text._utee_cipher_init
                0x00000000000035dc        0xc /home/ez2take/projects/ml_with_tee/arch_rpi3/optee_os/out/arm/export-ta_arm64/lib/libutee.a(utee_syscalls_a64.o)
                0x00000000000035dc                _utee_cipher_init
 .text._utee_cipher_update
                0x00000000000035e8        0xc /home/ez2take/projects/ml_with_tee/arch_rpi3/optee_os/out/arm/export-ta_arm64/lib/libutee.a(utee_syscalls_a64.o)
                0x00000000000035e8                _utee_cipher_update
 .text._utee_cipher_final
                0x00000000000035f4        0xc /home/ez2take/projects/ml_with_tee/arch_rpi3/optee_os/out/arm/export-ta_arm64/lib/libutee.a(utee_syscalls_a64.o)
                0x00000000000035f4                _utee_cipher_final
 .text._utee_cryp_obj_get_info
                0x0000000000003600        0xc /home/ez2take/projects/ml_with_tee/arch_rpi3/optee_os/out/arm/export-ta_arm64/lib/libutee.a(utee_syscalls_a64.o)
                0x0000000000003600                _utee_cryp_obj_get_info
 .text._utee_cryp_obj_restrict_usage
                0x000000000000360c        0xc /home/ez2take/projects/ml_with_tee/arch_rpi3/optee_os/out/arm/export-ta_arm64/lib/libutee.a(utee_syscalls_a64.o)
                0x000000000000360c                _utee_cryp_obj_restrict_usage
 .text._utee_cryp_obj_get_attr
                0x0000000000003618        0xc /home/ez2take/projects/ml_with_tee/arch_rpi3/optee_os/out/arm/export-ta_arm64/lib/libutee.a(utee_syscalls_a64.o)
                0x0000000000003618                _utee_cryp_obj_get_attr
 .text._utee_cryp_obj_alloc
                0x0000000000003624        0xc /home/ez2take/projects/ml_with_tee/arch_rpi3/optee_os/out/arm/export-ta_arm64/lib/libutee.a(utee_syscalls_a64.o)
                0x0000000000003624                _utee_cryp_obj_alloc
 .text._utee_cryp_obj_close
                0x0000000000003630        0xc /home/ez2take/projects/ml_with_tee/arch_rpi3/optee_os/out/arm/export-ta_arm64/lib/libutee.a(utee_syscalls_a64.o)
                0x0000000000003630                _utee_cryp_obj_close
 .text._utee_cryp_obj_reset
                0x000000000000363c        0xc /home/ez2take/projects/ml_with_tee/arch_rpi3/optee_os/out/arm/export-ta_arm64/lib/libutee.a(utee_syscalls_a64.o)
                0x000000000000363c                _utee_cryp_obj_reset
 .text._utee_cryp_obj_populate
                0x0000000000003648        0xc /home/ez2take/projects/ml_with_tee/arch_rpi3/optee_os/out/arm/export-ta_arm64/lib/libutee.a(utee_syscalls_a64.o)
                0x0000000000003648                _utee_cryp_obj_populate
 .text._utee_cryp_obj_copy
                0x0000000000003654        0xc /home/ez2take/projects/ml_with_tee/arch_rpi3/optee_os/out/arm/export-ta_arm64/lib/libutee.a(utee_syscalls_a64.o)
                0x0000000000003654                _utee_cryp_obj_copy
 .text._utee_cryp_derive_key
                0x0000000000003660        0xc /home/ez2take/projects/ml_with_tee/arch_rpi3/optee_os/out/arm/export-ta_arm64/lib/libutee.a(utee_syscalls_a64.o)
                0x0000000000003660                _utee_cryp_derive_key
 .text._utee_cryp_random_number_generate
                0x000000000000366c        0xc /home/ez2take/projects/ml_with_tee/arch_rpi3/optee_os/out/arm/export-ta_arm64/lib/libutee.a(utee_syscalls_a64.o)
                0x000000000000366c                _utee_cryp_random_number_generate
 .text._utee_authenc_init
                0x0000000000003678        0xc /home/ez2take/projects/ml_with_tee/arch_rpi3/optee_os/out/arm/export-ta_arm64/lib/libutee.a(utee_syscalls_a64.o)
                0x0000000000003678                _utee_authenc_init
 .text._utee_authenc_update_aad
                0x0000000000003684        0xc /home/ez2take/projects/ml_with_tee/arch_rpi3/optee_os/out/arm/export-ta_arm64/lib/libutee.a(utee_syscalls_a64.o)
                0x0000000000003684                _utee_authenc_update_aad
 .text._utee_authenc_update_payload
                0x0000000000003690        0xc /home/ez2take/projects/ml_with_tee/arch_rpi3/optee_os/out/arm/export-ta_arm64/lib/libutee.a(utee_syscalls_a64.o)
                0x0000000000003690                _utee_authenc_update_payload
 .text._utee_authenc_enc_final
                0x000000000000369c        0xc /home/ez2take/projects/ml_with_tee/arch_rpi3/optee_os/out/arm/export-ta_arm64/lib/libutee.a(utee_syscalls_a64.o)
                0x000000000000369c                _utee_authenc_enc_final
 .text._utee_authenc_dec_final
                0x00000000000036a8        0xc /home/ez2take/projects/ml_with_tee/arch_rpi3/optee_os/out/arm/export-ta_arm64/lib/libutee.a(utee_syscalls_a64.o)
                0x00000000000036a8                _utee_authenc_dec_final
 .text._utee_asymm_operate
                0x00000000000036b4        0xc /home/ez2take/projects/ml_with_tee/arch_rpi3/optee_os/out/arm/export-ta_arm64/lib/libutee.a(utee_syscalls_a64.o)
                0x00000000000036b4                _utee_asymm_operate
 .text._utee_asymm_verify
                0x00000000000036c0        0xc /home/ez2take/projects/ml_with_tee/arch_rpi3/optee_os/out/arm/export-ta_arm64/lib/libutee.a(utee_syscalls_a64.o)
                0x00000000000036c0                _utee_asymm_verify
 .text._utee_storage_obj_open
                0x00000000000036cc        0xc /home/ez2take/projects/ml_with_tee/arch_rpi3/optee_os/out/arm/export-ta_arm64/lib/libutee.a(utee_syscalls_a64.o)
                0x00000000000036cc                _utee_storage_obj_open
 .text._utee_storage_obj_create
                0x00000000000036d8        0xc /home/ez2take/projects/ml_with_tee/arch_rpi3/optee_os/out/arm/export-ta_arm64/lib/libutee.a(utee_syscalls_a64.o)
                0x00000000000036d8                _utee_storage_obj_create
 .text._utee_storage_obj_del
                0x00000000000036e4        0xc /home/ez2take/projects/ml_with_tee/arch_rpi3/optee_os/out/arm/export-ta_arm64/lib/libutee.a(utee_syscalls_a64.o)
                0x00000000000036e4                _utee_storage_obj_del
 .text._utee_storage_obj_rename
                0x00000000000036f0        0xc /home/ez2take/projects/ml_with_tee/arch_rpi3/optee_os/out/arm/export-ta_arm64/lib/libutee.a(utee_syscalls_a64.o)
                0x00000000000036f0                _utee_storage_obj_rename
 .text._utee_storage_alloc_enum
                0x00000000000036fc        0xc /home/ez2take/projects/ml_with_tee/arch_rpi3/optee_os/out/arm/export-ta_arm64/lib/libutee.a(utee_syscalls_a64.o)
                0x00000000000036fc                _utee_storage_alloc_enum
 .text._utee_storage_free_enum
                0x0000000000003708        0xc /home/ez2take/projects/ml_with_tee/arch_rpi3/optee_os/out/arm/export-ta_arm64/lib/libutee.a(utee_syscalls_a64.o)
                0x0000000000003708                _utee_storage_free_enum
 .text._utee_storage_reset_enum
                0x0000000000003714        0xc /home/ez2take/projects/ml_with_tee/arch_rpi3/optee_os/out/arm/export-ta_arm64/lib/libutee.a(utee_syscalls_a64.o)
                0x0000000000003714                _utee_storage_reset_enum
 .text._utee_storage_start_enum
                0x0000000000003720        0xc /home/ez2take/projects/ml_with_tee/arch_rpi3/optee_os/out/arm/export-ta_arm64/lib/libutee.a(utee_syscalls_a64.o)
                0x0000000000003720                _utee_storage_start_enum
 .text._utee_storage_next_enum
                0x000000000000372c        0xc /home/ez2take/projects/ml_with_tee/arch_rpi3/optee_os/out/arm/export-ta_arm64/lib/libutee.a(utee_syscalls_a64.o)
                0x000000000000372c                _utee_storage_next_enum
 .text._utee_storage_obj_read
                0x0000000000003738        0xc /home/ez2take/projects/ml_with_tee/arch_rpi3/optee_os/out/arm/export-ta_arm64/lib/libutee.a(utee_syscalls_a64.o)
                0x0000000000003738                _utee_storage_obj_read
 .text._utee_storage_obj_write
                0x0000000000003744        0xc /home/ez2take/projects/ml_with_tee/arch_rpi3/optee_os/out/arm/export-ta_arm64/lib/libutee.a(utee_syscalls_a64.o)
                0x0000000000003744                _utee_storage_obj_write
 .text._utee_storage_obj_trunc
                0x0000000000003750        0xc /home/ez2take/projects/ml_with_tee/arch_rpi3/optee_os/out/arm/export-ta_arm64/lib/libutee.a(utee_syscalls_a64.o)
                0x0000000000003750                _utee_storage_obj_trunc
 .text._utee_storage_obj_seek
                0x000000000000375c        0xc /home/ez2take/projects/ml_with_tee/arch_rpi3/optee_os/out/arm/export-ta_arm64/lib/libutee.a(utee_syscalls_a64.o)
                0x000000000000375c                _utee_storage_obj_seek
 .text._utee_cryp_obj_generate_key
                0x0000000000003768        0xc /home/ez2take/projects/ml_with_tee/arch_rpi3/optee_os/out/arm/export-ta_arm64/lib/libutee.a(utee_syscalls_a64.o)
                0x0000000000003768                _utee_cryp_obj_generate_key
 .text._utee_cache_operation
                0x0000000000003774        0xc /home/ez2take/projects/ml_with_tee/arch_rpi3/optee_os/out/arm/export-ta_arm64/lib/libutee.a(utee_syscalls_a64.o)
                0x0000000000003774                _utee_cache_operation
 .text          0x0000000000003780      0x670 /home/ez2take/projects/ml_with_tee/arch_rpi3/optee_os/out/arm/export-ta_arm64/lib/libutee.a(user_ta_entry.o)
                0x0000000000003a28                __utee_call_elf_init_fn
                0x0000000000003b44                __utee_call_elf_fini_fn
                0x0000000000003be8                __utee_entry
 .text.unlikely
                0x0000000000003df0       0x20 /home/ez2take/projects/ml_with_tee/arch_rpi3/optee_os/out/arm/export-ta_arm64/lib/libutee.a(abort.o)
                0x0000000000003df0                abort
 .text          0x0000000000003e10     0x1944 /home/ez2take/projects/ml_with_tee/arch_rpi3/optee_os/out/arm/export-ta_arm64/lib/libutee.a(tee_api_arith_mpi.o)
                0x000000000000460c                _TEE_MathAPI_Init
                0x000000000000465c                TEE_BigIntInit
                0x00000000000046c0                TEE_BigIntConvertFromOctetString
                0x0000000000004754                TEE_BigIntConvertToOctetString
                0x00000000000047e8                TEE_BigIntConvertFromS32
                0x000000000000486c                TEE_BigIntConvertToS32
                0x00000000000048f4                TEE_BigIntCmp
                0x000000000000495c                TEE_BigIntCmpS32
                0x0000000000004b40                TEE_BigIntShiftRight
                0x0000000000004cac                TEE_BigIntGetBit
                0x0000000000004cf8                TEE_BigIntGetBitCount
                0x0000000000004d38                TEE_BigIntAdd
                0x0000000000004d44                TEE_BigIntSub
                0x0000000000004d50                TEE_BigIntNeg
                0x0000000000004e00                TEE_BigIntMul
                0x0000000000004ee8                TEE_BigIntSquare
                0x0000000000004ef0                TEE_BigIntDiv
                0x0000000000005070                TEE_BigIntMod
                0x00000000000050dc                TEE_BigIntAddMod
                0x00000000000050e8                TEE_BigIntSubMod
                0x00000000000050f4                TEE_BigIntMulMod
                0x0000000000005100                TEE_BigIntSquareMod
                0x000000000000510c                TEE_BigIntInvMod
                0x0000000000005228                TEE_BigIntRelativePrime
                0x00000000000052fc                TEE_BigIntComputeExtendedGcd
                0x0000000000005530                TEE_BigIntIsProbablePrime
                0x0000000000005580                TEE_BigIntInitFMM
                0x0000000000005584                TEE_BigIntInitFMMContext
                0x0000000000005588                TEE_BigIntFMMSizeInU32
                0x0000000000005598                TEE_BigIntFMMContextSizeInU32
                0x00000000000055a0                TEE_BigIntConvertToFMM
                0x00000000000055a4                TEE_BigIntConvertFromFMM
                0x0000000000005640                TEE_BigIntComputeFMM
 .text          0x0000000000005754      0x34c /home/ez2take/projects/ml_with_tee/arch_rpi3/optee_os/out/arm/export-ta_arm64/lib/libutee.a(tcb.o)
                0x0000000000005754                __utee_tcb_init
                0x0000000000005994                __tls_get_addr
                0x00000000000059b0                dl_iterate_phdr
 .text          0x0000000000005aa0     0x4038 /home/ez2take/projects/ml_with_tee/arch_rpi3/optee_os/out/arm/export-ta_arm64/lib/libmbedtls.a(bignum.o)
                0x0000000000006240                mbedtls_mpi_init
                0x0000000000006250                mbedtls_mpi_init_mempool
                0x0000000000006278                mbedtls_mpi_free
                0x00000000000062e4                mbedtls_mpi_grow
                0x0000000000006438                mbedtls_mpi_shrink
                0x0000000000006558                mbedtls_mpi_copy
                0x0000000000006624                mbedtls_mpi_swap
                0x0000000000006684                mbedtls_mpi_safe_cond_assign
                0x0000000000006734                mbedtls_mpi_safe_cond_swap
                0x0000000000006834                mbedtls_mpi_lset
                0x000000000000689c                mbedtls_mpi_get_bit
                0x00000000000068c8                mbedtls_mpi_set_bit
                0x0000000000006954                mbedtls_mpi_lsb
                0x00000000000069a8                mbedtls_mpi_bitlen
                0x0000000000006a04                mbedtls_mpi_size
                0x0000000000006a20                mbedtls_mpi_read_binary_le
                0x0000000000006a98                mbedtls_mpi_read_binary
                0x0000000000006b1c                mbedtls_mpi_write_binary_le
                0x0000000000006bd4                mbedtls_mpi_write_binary
                0x0000000000006c98                mbedtls_mpi_shift_l
                0x0000000000006da8                mbedtls_mpi_shift_r
                0x0000000000006e68                mbedtls_mpi_cmp_abs
                0x0000000000006f04                mbedtls_mpi_cmp_mpi
                0x0000000000006fd4                mbedtls_mpi_lt_mpi_ct
                0x00000000000070a0                mbedtls_mpi_cmp_int
                0x00000000000070e0                mbedtls_mpi_add_abs
                0x0000000000007200                mbedtls_mpi_sub_abs
                0x000000000000735c                mbedtls_mpi_add_mpi
                0x00000000000073e4                mbedtls_mpi_sub_mpi
                0x0000000000007470                mbedtls_mpi_add_int
                0x00000000000074b0                mbedtls_mpi_sub_int
                0x00000000000074f0                mbedtls_mpi_mul_mpi
                0x0000000000007668                mbedtls_mpi_mul_int
                0x0000000000007710                mbedtls_mpi_read_string
                0x00000000000078e8                mbedtls_mpi_div_mpi
                0x0000000000007dec                mbedtls_mpi_div_int
                0x0000000000007e2c                mbedtls_mpi_mod_mpi
                0x0000000000007ee0                mbedtls_mpi_mod_int
                0x0000000000007f80                mbedtls_mpi_write_string
                0x0000000000008250                mbedtls_mpi_montg_init
                0x0000000000008258                mbedtls_mpi_montmul
                0x000000000000825c                mbedtls_mpi_montred
                0x0000000000008260                mbedtls_mpi_exp_mod
                0x00000000000088f8                mbedtls_mpi_gcd
                0x0000000000008a9c                mbedtls_mpi_fill_random
                0x0000000000008d74                mbedtls_mpi_random
                0x0000000000008ef8                mbedtls_mpi_inv_mod
                0x000000000000931c                mbedtls_mpi_is_prime_ext
                0x00000000000093c4                mbedtls_mpi_is_prime
                0x00000000000093d4                mbedtls_mpi_gen_prime
                0x00000000000096ec                mbedtls_mpi_self_test
 .text          0x0000000000009ad8       0x20 /home/ez2take/projects/ml_with_tee/arch_rpi3/optee_os/out/arm/export-ta_arm64/lib/libmbedtls.a(platform_util.o)
                0x0000000000009ad8                mbedtls_platform_zeroize
 .text          0x0000000000009af8       0x5c /home/ez2take/projects/ml_with_tee/arch_rpi3/optee_os/out/arm/export-ta_arm64/lib/libutils.a(memmove.o)
                0x0000000000009af8                memmove
 .text          0x0000000000009b54      0x1ac /home/ez2take/projects/ml_with_tee/arch_rpi3/optee_os/out/arm/export-ta_arm64/lib/libutils.a(mempool.o)
                0x0000000000009b54                mempool_alloc_pool
                0x0000000000009bbc                mempool_alloc
                0x0000000000009c68                mempool_calloc
                0x0000000000009cb8                mempool_free
 .text          0x0000000000009d00       0x70 /home/ez2take/projects/ml_with_tee/arch_rpi3/optee_os/out/arm/export-ta_arm64/lib/libutils.a(consttime_memcmp.o)
                0x0000000000009d00                consttime_memcmp
 .text          0x0000000000009d70        0x0 /home/ez2take/projects/ml_with_tee/arch_rpi3/optee_os/out/arm/export-ta_arm64/lib/libutee.a(utee_syscalls_a64.o)
 .text          0x0000000000009d70        0x0 /home/ez2take/projects/ml_with_tee/arch_rpi3/optee_os/out/arm/export-ta_arm64/lib/libutee.a(abort.o)
 *(SORT_BY_ALIGNMENT(.stub))
 *(SORT_BY_ALIGNMENT(.glue_7))
 *(SORT_BY_ALIGNMENT(.glue_7t))
 *(SORT_BY_ALIGNMENT(.gnu.linkonce.t.*))
 *(SORT_BY_ALIGNMENT(.vfp11_veneer))
                0x0000000000009d70                __text_end = .

.plt            0x0000000000009d70       0x90
 *(SORT_BY_ALIGNMENT(.plt))
 .plt           0x0000000000009d70       0x90 ./ml_with_tee_ta.o

.eh_frame_hdr
 *(SORT_BY_ALIGNMENT(.eh_frame_hdr))
 *(SORT_BY_ALIGNMENT(.eh_frame_entry) SORT_BY_ALIGNMENT(.eh_frame_entry.*))

.eh_frame       0x0000000000009e00     0x2044
 *(SORT_BY_ALIGNMENT(.eh_frame))
 .eh_frame      0x0000000000009e00      0x288 ./ml_with_tee_ta.o
 .eh_frame      0x000000000000a088       0x30 ./user_ta_header.o
                                         0x40 (size before relaxing)
 .eh_frame      0x000000000000a0b8      0x260 /home/ez2take/projects/ml_with_tee/arch_rpi3/optee_os/out/arm/export-ta_arm64/lib/libutils.a(bget_malloc.o)
                                        0x270 (size before relaxing)
 .eh_frame      0x000000000000a318       0x48 /home/ez2take/projects/ml_with_tee/arch_rpi3/optee_os/out/arm/export-ta_arm64/lib/libutils.a(snprintf.o)
                                         0x60 (size before relaxing)
 .eh_frame      0x000000000000a360       0x18 /home/ez2take/projects/ml_with_tee/arch_rpi3/optee_os/out/arm/export-ta_arm64/lib/libutils.a(memcpy.o)
                                         0x28 (size before relaxing)
 .eh_frame      0x000000000000a378       0x18 /home/ez2take/projects/ml_with_tee/arch_rpi3/optee_os/out/arm/export-ta_arm64/lib/libutils.a(memset.o)
                                         0x28 (size before relaxing)
 .eh_frame      0x000000000000a390       0xe8 /home/ez2take/projects/ml_with_tee/arch_rpi3/optee_os/out/arm/export-ta_arm64/lib/libutils.a(snprintk.o)
                                        0x100 (size before relaxing)
 .eh_frame      0x000000000000a478       0xa0 /home/ez2take/projects/ml_with_tee/arch_rpi3/optee_os/out/arm/export-ta_arm64/lib/libutils.a(trace.o)
                                         0xb8 (size before relaxing)
 .eh_frame      0x000000000000a518       0x18 /home/ez2take/projects/ml_with_tee/arch_rpi3/optee_os/out/arm/export-ta_arm64/lib/libutils.a(memchr.o)
                                         0x28 (size before relaxing)
 .eh_frame      0x000000000000a530       0x18 /home/ez2take/projects/ml_with_tee/arch_rpi3/optee_os/out/arm/export-ta_arm64/lib/libutils.a(strlen.o)
                                         0x28 (size before relaxing)
 .eh_frame      0x000000000000a548       0x38 /home/ez2take/projects/ml_with_tee/arch_rpi3/optee_os/out/arm/export-ta_arm64/lib/libutee.a(assert.o)
                                         0x50 (size before relaxing)
 .eh_frame      0x000000000000a580       0xb0 /home/ez2take/projects/ml_with_tee/arch_rpi3/optee_os/out/arm/export-ta_arm64/lib/libutee.a(trace_ext.o)
                                         0xc0 (size before relaxing)
 .eh_frame      0x000000000000a630      0x348 /home/ez2take/projects/ml_with_tee/arch_rpi3/optee_os/out/arm/export-ta_arm64/lib/libutee.a(tee_api.o)
                                        0x358 (size before relaxing)
 .eh_frame      0x000000000000a978      0x110 /home/ez2take/projects/ml_with_tee/arch_rpi3/optee_os/out/arm/export-ta_arm64/lib/libutee.a(tee_api_panic.o)
                                        0x128 (size before relaxing)
 .eh_frame      0x000000000000aa88       0xa8 /home/ez2take/projects/ml_with_tee/arch_rpi3/optee_os/out/arm/export-ta_arm64/lib/libutee.a(tee_system_pta.o)
                                         0xc0 (size before relaxing)
 .eh_frame      0x000000000000ab30      0x168 /home/ez2take/projects/ml_with_tee/arch_rpi3/optee_os/out/arm/export-ta_arm64/lib/libutee.a(user_ta_entry.o)
                                        0x178 (size before relaxing)
 .eh_frame      0x000000000000ac98       0x18 /home/ez2take/projects/ml_with_tee/arch_rpi3/optee_os/out/arm/export-ta_arm64/lib/libutee.a(abort.o)
                                         0x30 (size before relaxing)
 .eh_frame      0x000000000000acb0      0x628 /home/ez2take/projects/ml_with_tee/arch_rpi3/optee_os/out/arm/export-ta_arm64/lib/libutee.a(tee_api_arith_mpi.o)
                                        0x640 (size before relaxing)
 .eh_frame      0x000000000000b2d8       0x90 /home/ez2take/projects/ml_with_tee/arch_rpi3/optee_os/out/arm/export-ta_arm64/lib/libutee.a(tcb.o)
                                         0xa0 (size before relaxing)
 .eh_frame      0x000000000000b368      0xa10 /home/ez2take/projects/ml_with_tee/arch_rpi3/optee_os/out/arm/export-ta_arm64/lib/libmbedtls.a(bignum.o)
                                        0xa28 (size before relaxing)
 .eh_frame      0x000000000000bd78       0x18 /home/ez2take/projects/ml_with_tee/arch_rpi3/optee_os/out/arm/export-ta_arm64/lib/libmbedtls.a(platform_util.o)
                                         0x28 (size before relaxing)
 .eh_frame      0x000000000000bd90       0x18 /home/ez2take/projects/ml_with_tee/arch_rpi3/optee_os/out/arm/export-ta_arm64/lib/libutils.a(memmove.o)
                                         0x28 (size before relaxing)
 .eh_frame      0x000000000000bda8       0x80 /home/ez2take/projects/ml_with_tee/arch_rpi3/optee_os/out/arm/export-ta_arm64/lib/libutils.a(mempool.o)
                                         0x98 (size before relaxing)
 .eh_frame      0x000000000000be28       0x1c /home/ez2take/projects/ml_with_tee/arch_rpi3/optee_os/out/arm/export-ta_arm64/lib/libutils.a(consttime_memcmp.o)
                                         0x30 (size before relaxing)
 *(SORT_BY_ALIGNMENT(.eh_frame.*))

.gcc_except_table
 *(SORT_BY_ALIGNMENT(.gcc_except_table) SORT_BY_ALIGNMENT(.gcc_except_table.*))

.rodata         0x000000000000be48     0x13a4
 *(SORT_BY_ALIGNMENT(.gnu.linkonce.r.*))
 *(SORT_BY_ALIGNMENT(.rodata) SORT_BY_ALIGNMENT(.rodata.*))
 .rodata.user_ta_header.c
                0x000000000000be48       0x23 ./user_ta_header.o
                0x000000000000be48                ta_num_props
                0x000000000000be60                ta_heap_size
                0x000000000000be68                trace_ext_prefix
 *fill*         0x000000000000be6b        0x1 
 .rodata.ml_with_tee_ta.c
                0x000000000000be6c      0x165 ./ml_with_tee_ta.o
 *fill*         0x000000000000bfd1        0x3 
 .rodata.lib/libutils/ext/snprintk.c
                0x000000000000bfd4       0xac /home/ez2take/projects/ml_with_tee/arch_rpi3/optee_os/out/arm/export-ta_arm64/lib/libutils.a(snprintk.o)
 .rodata.lib/libutee/tee_system_pta.c
                0x000000000000c080       0x31 /home/ez2take/projects/ml_with_tee/arch_rpi3/optee_os/out/arm/export-ta_arm64/lib/libutee.a(tee_system_pta.o)
 *fill*         0x000000000000c0b1        0x3 
 .rodata.lib/libmbedtls/mbedtls/library/bignum.c
                0x000000000000c0b4      0x2c4 /home/ez2take/projects/ml_with_tee/arch_rpi3/optee_os/out/arm/export-ta_arm64/lib/libmbedtls.a(bignum.o)
 .rodata.str1.1.ml_with_tee_ta.c
                0x000000000000c378      0x1e7 ./ml_with_tee_ta.o
 .rodata.str1.1.user_ta_header.c
                0x000000000000c55f       0xbc ./user_ta_header.o
 .rodata.str1.1.lib/libutils/isoc/bget_malloc.c
                0x000000000000c61b      0x2b9 /home/ez2take/projects/ml_with_tee/arch_rpi3/optee_os/out/arm/export-ta_arm64/lib/libutils.a(bget_malloc.o)
                                        0x2c2 (size before relaxing)
 .rodata.lib/libutils/isoc/bget_malloc.c
                0x000000000000c8d4       0x58 /home/ez2take/projects/ml_with_tee/arch_rpi3/optee_os/out/arm/export-ta_arm64/lib/libutils.a(bget_malloc.o)
 .rodata.str1.1.lib/libutils/ext/snprintk.c
                0x000000000000c92c       0x38 /home/ez2take/projects/ml_with_tee/arch_rpi3/optee_os/out/arm/export-ta_arm64/lib/libutils.a(snprintk.o)
 .rodata.str1.1.lib/libutils/ext/trace.c
                0x000000000000c964       0x1a /home/ez2take/projects/ml_with_tee/arch_rpi3/optee_os/out/arm/export-ta_arm64/lib/libutils.a(trace.o)
                                         0x1b (size before relaxing)
 .rodata.lib/libutils/ext/trace.c
                0x000000000000c97e        0x5 /home/ez2take/projects/ml_with_tee/arch_rpi3/optee_os/out/arm/export-ta_arm64/lib/libutils.a(trace.o)
 .rodata.str1.1.lib/libutee/assert.c
                0x000000000000c983       0x27 /home/ez2take/projects/ml_with_tee/arch_rpi3/optee_os/out/arm/export-ta_arm64/lib/libutee.a(assert.o)
 .rodata.str1.1.lib/libutee/trace_ext.c
                0x000000000000c9aa       0x27 /home/ez2take/projects/ml_with_tee/arch_rpi3/optee_os/out/arm/export-ta_arm64/lib/libutee.a(trace_ext.o)
                                          0x2 (size before relaxing)
 .rodata.str1.1.lib/libutee/tee_api.c
                0x000000000000c9aa       0x11 /home/ez2take/projects/ml_with_tee/arch_rpi3/optee_os/out/arm/export-ta_arm64/lib/libutee.a(tee_api.o)
 .rodata.lib/libutee/tee_api.c
                0x000000000000c9bb        0xb /home/ez2take/projects/ml_with_tee/arch_rpi3/optee_os/out/arm/export-ta_arm64/lib/libutee.a(tee_api.o)
 .rodata.str1.1.lib/libutee/tee_system_pta.c
                0x000000000000c9c6       0x55 /home/ez2take/projects/ml_with_tee/arch_rpi3/optee_os/out/arm/export-ta_arm64/lib/libutee.a(tee_system_pta.o)
 .rodata.str1.1.lib/libutee/arch/arm/user_ta_entry.c
                0x000000000000ca1b       0x19 /home/ez2take/projects/ml_with_tee/arch_rpi3/optee_os/out/arm/export-ta_arm64/lib/libutee.a(user_ta_entry.o)
 .rodata.lib/libutee/arch/arm/user_ta_entry.c
                0x000000000000ca34       0x16 /home/ez2take/projects/ml_with_tee/arch_rpi3/optee_os/out/arm/export-ta_arm64/lib/libutee.a(user_ta_entry.o)
 .rodata.str1.1.lib/libutee/abort.c
                0x000000000000ca4a        0x7 /home/ez2take/projects/ml_with_tee/arch_rpi3/optee_os/out/arm/export-ta_arm64/lib/libutee.a(abort.o)
 .rodata.str1.1.lib/libutee/tee_api_arith_mpi.c
                0x000000000000ca51       0xb7 /home/ez2take/projects/ml_with_tee/arch_rpi3/optee_os/out/arm/export-ta_arm64/lib/libutee.a(tee_api_arith_mpi.o)
 .rodata.lib/libutee/tee_api_arith_mpi.c
                0x000000000000cb08      0x13d /home/ez2take/projects/ml_with_tee/arch_rpi3/optee_os/out/arm/export-ta_arm64/lib/libutee.a(tee_api_arith_mpi.o)
 .rodata.str1.1.lib/libutee/arch/arm/tcb.c
                0x000000000000cc45       0x96 /home/ez2take/projects/ml_with_tee/arch_rpi3/optee_os/out/arm/export-ta_arm64/lib/libutee.a(tcb.o)
 .rodata.lib/libutee/arch/arm/tcb.c
                0x000000000000ccdb       0x20 /home/ez2take/projects/ml_with_tee/arch_rpi3/optee_os/out/arm/export-ta_arm64/lib/libutee.a(tcb.o)
 .rodata.str1.1.lib/libmbedtls/mbedtls/library/bignum.c
                0x000000000000ccfb      0x456 /home/ez2take/projects/ml_with_tee/arch_rpi3/optee_os/out/arm/export-ta_arm64/lib/libmbedtls.a(bignum.o)
                                        0x45d (size before relaxing)
 .rodata.str1.1.lib/libutils/ext/mempool.c
                0x000000000000d151       0x7a /home/ez2take/projects/ml_with_tee/arch_rpi3/optee_os/out/arm/export-ta_arm64/lib/libutils.a(mempool.o)
 .rodata.lib/libutils/ext/mempool.c
                0x000000000000d1cb       0x21 /home/ez2take/projects/ml_with_tee/arch_rpi3/optee_os/out/arm/export-ta_arm64/lib/libutils.a(mempool.o)

.gnu.version_d  0x000000000000d1f0        0x0
 .gnu.version_d
                0x000000000000d1f0        0x0 ./ml_with_tee_ta.o

.gnu.version    0x000000000000d1ec        0x0
 .gnu.version   0x000000000000d1ec        0x0 ./ml_with_tee_ta.o

.gnu.version_r  0x000000000000d1f0        0x0
 .gnu.version_r
                0x000000000000d1f0        0x0 ./ml_with_tee_ta.o

.gnu.hash       0x000000000000d1f0       0x30
 .gnu.hash      0x000000000000d1f0       0x30 ./ml_with_tee_ta.o

.ARM.extab
 *(SORT_BY_ALIGNMENT(.ARM.extab*) SORT_BY_ALIGNMENT(.gnu.linkonce.armextab.*))
                [!provide]                        PROVIDE (__exidx_start = .)

.ARM.exidx
 *(SORT_BY_ALIGNMENT(.ARM.exidx*) SORT_BY_ALIGNMENT(.gnu.linkonce.armexidx.*))
                [!provide]                        PROVIDE (__exidx_end = .)

.ctors
 *(SORT_BY_ALIGNMENT(.ctors))

.dtors
 *(SORT_BY_ALIGNMENT(.dtors))

.dynsym         0x000000000000d220       0x90
 *(SORT_BY_ALIGNMENT(.dynsym))
 .dynsym        0x000000000000d220       0x90 ./ml_with_tee_ta.o

.dynstr         0x000000000000d2b0       0x2e
 *(SORT_BY_ALIGNMENT(.dynstr))
 .dynstr        0x000000000000d2b0       0x2e ./ml_with_tee_ta.o

.hash           0x000000000000d2e0       0x2c
 *(SORT_BY_ALIGNMENT(.hash))
 .hash          0x000000000000d2e0       0x2c ./ml_with_tee_ta.o

.rela.dyn       0x000000000000d310      0x1c8
 .rela.data.rel.ro
                0x000000000000d310        0x0 ./ml_with_tee_ta.o
 .rela.ifunc    0x000000000000d310        0x0 ./ml_with_tee_ta.o
 .rela.data.rel.ro.local
                0x000000000000d310      0x150 ./ml_with_tee_ta.o
 .rela.data.rel.local
                0x000000000000d460       0x60 ./ml_with_tee_ta.o
 .rela.data.rel
                0x000000000000d4c0       0x18 ./ml_with_tee_ta.o
                0x000000000000e000                . = ALIGN (0x1000)

.dynamic        0x000000000000e000      0x150
 *(SORT_BY_ALIGNMENT(.dynamic))
 .dynamic       0x000000000000e000      0x150 ./ml_with_tee_ta.o
                0x000000000000e000                _DYNAMIC

.tdata
 *(SORT_BY_ALIGNMENT(.tdata) SORT_BY_ALIGNMENT(.tdata.*) SORT_BY_ALIGNMENT(.gnu.linkonce.td.*))

.tbss
 *(SORT_BY_ALIGNMENT(.tbss) SORT_BY_ALIGNMENT(.tbss.*) SORT_BY_ALIGNMENT(.gnu.linkonce.tb.*))
 *(SORT_BY_ALIGNMENT(.tcommon))

.got            0x000000000000e150       0xc0
 *(SORT_BY_ALIGNMENT(.got.plt))
 .got.plt       0x000000000000e150       0x50 ./ml_with_tee_ta.o
 *(SORT_BY_ALIGNMENT(.got))
 .got           0x000000000000e1a0       0x70 ./ml_with_tee_ta.o
                0x000000000000e1a0                _GLOBAL_OFFSET_TABLE_

.rel.text
 *(SORT_BY_ALIGNMENT(.rel.text))
 *(SORT_BY_ALIGNMENT(.rel.gnu.linkonce.t*))

.rela.text
 *(SORT_BY_ALIGNMENT(.rela.text))
 *(SORT_BY_ALIGNMENT(.rela.gnu.linkonce.t*))

.rel.data
 *(SORT_BY_ALIGNMENT(.rel.data))
 *(SORT_BY_ALIGNMENT(.rel.gnu.linkonce.d*))

.rela.data
 *(SORT_BY_ALIGNMENT(.rela.data))
 *(SORT_BY_ALIGNMENT(.rela.gnu.linkonce.d*))

.rel.tdata
 *(SORT_BY_ALIGNMENT(.rel.tdata) SORT_BY_ALIGNMENT(.rel.tdata.*) SORT_BY_ALIGNMENT(.rel.gnu.linkonce.td.*))

.rela.tdata
 *(SORT_BY_ALIGNMENT(.rela.tdata) SORT_BY_ALIGNMENT(.rela.tdata.*) SORT_BY_ALIGNMENT(.rela.gnu.linkonce.td.*))

.rel.tbss
 *(SORT_BY_ALIGNMENT(.rel.tbss) SORT_BY_ALIGNMENT(.rel.tbss.*) SORT_BY_ALIGNMENT(.rel.gnu.linkonce.tb.*))

.rela.tbss
 *(SORT_BY_ALIGNMENT(.rela.tbss) SORT_BY_ALIGNMENT(.rela.tbss.*) SORT_BY_ALIGNMENT(.rela.gnu.linkonce.tb.*))

.rel.rodata
 *(SORT_BY_ALIGNMENT(.rel.rodata))
 *(SORT_BY_ALIGNMENT(.rel.gnu.linkonce.r*))

.rela.rodata
 *(SORT_BY_ALIGNMENT(.rela.rodata))
 *(SORT_BY_ALIGNMENT(.rela.gnu.linkonce.r*))

.rel.dyn
 *(SORT_BY_ALIGNMENT(.rel.dyn))

.rel.got
 *(SORT_BY_ALIGNMENT(.rel.got))

.rela.got       0x000000000000e210      0x138
 *(SORT_BY_ALIGNMENT(.rela.got))
 .rela.got      0x000000000000e210      0x138 ./ml_with_tee_ta.o

.rel.ctors
 *(SORT_BY_ALIGNMENT(.rel.ctors))

.rela.ctors
 *(SORT_BY_ALIGNMENT(.rela.ctors))

.rel.dtors
 *(SORT_BY_ALIGNMENT(.rel.dtors))

.rela.dtors
 *(SORT_BY_ALIGNMENT(.rela.dtors))

.rel.init
 *(SORT_BY_ALIGNMENT(.rel.init))

.rela.init
 *(SORT_BY_ALIGNMENT(.rela.init))

.rel.fini
 *(SORT_BY_ALIGNMENT(.rel.fini))

.rela.fini
 *(SORT_BY_ALIGNMENT(.rela.fini))

.rel.bss
 *(SORT_BY_ALIGNMENT(.rel.bss))

.rela.bss       0x000000000000e348        0x0
 *(SORT_BY_ALIGNMENT(.rela.bss))
 .rela.bss      0x000000000000e348        0x0 ./ml_with_tee_ta.o

.rel.plt
 *(SORT_BY_ALIGNMENT(.rel.plt))

.rela.plt       0x000000000000e348       0xa8
 *(SORT_BY_ALIGNMENT(.rela.plt))
 .rela.plt      0x000000000000e348       0xa8 ./ml_with_tee_ta.o

.data           0x000000000000e3f0      0x154
 *(SORT_BY_ALIGNMENT(.data) SORT_BY_ALIGNMENT(.data.*) SORT_BY_ALIGNMENT(.gnu.linkonce.d.*))
 .data.rel.ro.local
                0x000000000000e3f0       0xa8 ./user_ta_header.o
                0x000000000000e3f0                ta_props
 .data.rel.local
                0x000000000000e498       0x80 /home/ez2take/projects/ml_with_tee/arch_rpi3/optee_os/out/arm/export-ta_arm64/lib/libutils.a(bget_malloc.o)
 .data.rel.local
                0x000000000000e518       0x20 /home/ez2take/projects/ml_with_tee/arch_rpi3/optee_os/out/arm/export-ta_arm64/lib/libutee.a(user_ta_entry.o)
 .data.rel      0x000000000000e538        0x8 /home/ez2take/projects/ml_with_tee/arch_rpi3/optee_os/out/arm/export-ta_arm64/lib/libmbedtls.a(platform_util.o)
 .data          0x000000000000e540        0x4 ./user_ta_header.o
                0x000000000000e540                trace_level
 .data          0x000000000000e544        0x0 ./ml_with_tee_ta.o
 .data.rel.ro   0x000000000000e544        0x0 ./ml_with_tee_ta.o
 .data          0x000000000000e544        0x0 /home/ez2take/projects/ml_with_tee/arch_rpi3/optee_os/out/arm/export-ta_arm64/lib/libutils.a(bget_malloc.o)
 .data          0x000000000000e544        0x0 /home/ez2take/projects/ml_with_tee/arch_rpi3/optee_os/out/arm/export-ta_arm64/lib/libutils.a(snprintf.o)
 .data          0x000000000000e544        0x0 /home/ez2take/projects/ml_with_tee/arch_rpi3/optee_os/out/arm/export-ta_arm64/lib/libutils.a(memcpy.o)
 .data          0x000000000000e544        0x0 /home/ez2take/projects/ml_with_tee/arch_rpi3/optee_os/out/arm/export-ta_arm64/lib/libutils.a(memset.o)
 .data          0x000000000000e544        0x0 /home/ez2take/projects/ml_with_tee/arch_rpi3/optee_os/out/arm/export-ta_arm64/lib/libutils.a(snprintk.o)
 .data          0x000000000000e544        0x0 /home/ez2take/projects/ml_with_tee/arch_rpi3/optee_os/out/arm/export-ta_arm64/lib/libutils.a(trace.o)
 .data          0x000000000000e544        0x0 /home/ez2take/projects/ml_with_tee/arch_rpi3/optee_os/out/arm/export-ta_arm64/lib/libutils.a(memchr.o)
 .data          0x000000000000e544        0x0 /home/ez2take/projects/ml_with_tee/arch_rpi3/optee_os/out/arm/export-ta_arm64/lib/libutils.a(strlen.o)
 .data          0x000000000000e544        0x0 /home/ez2take/projects/ml_with_tee/arch_rpi3/optee_os/out/arm/export-ta_arm64/lib/libutee.a(assert.o)
 .data          0x000000000000e544        0x0 /home/ez2take/projects/ml_with_tee/arch_rpi3/optee_os/out/arm/export-ta_arm64/lib/libutee.a(trace_ext.o)
 .data          0x000000000000e544        0x0 /home/ez2take/projects/ml_with_tee/arch_rpi3/optee_os/out/arm/export-ta_arm64/lib/libutee.a(tee_api.o)
 .data          0x000000000000e544        0x0 /home/ez2take/projects/ml_with_tee/arch_rpi3/optee_os/out/arm/export-ta_arm64/lib/libutee.a(tee_api_panic.o)
 .data          0x000000000000e544        0x0 /home/ez2take/projects/ml_with_tee/arch_rpi3/optee_os/out/arm/export-ta_arm64/lib/libutee.a(tee_system_pta.o)
 .data          0x000000000000e544        0x0 /home/ez2take/projects/ml_with_tee/arch_rpi3/optee_os/out/arm/export-ta_arm64/lib/libutee.a(utee_syscalls_a64.o)
 .data          0x000000000000e544        0x0 /home/ez2take/projects/ml_with_tee/arch_rpi3/optee_os/out/arm/export-ta_arm64/lib/libutee.a(user_ta_entry.o)
 .data          0x000000000000e544        0x0 /home/ez2take/projects/ml_with_tee/arch_rpi3/optee_os/out/arm/export-ta_arm64/lib/libutee.a(abort.o)
 .data          0x000000000000e544        0x0 /home/ez2take/projects/ml_with_tee/arch_rpi3/optee_os/out/arm/export-ta_arm64/lib/libutee.a(tee_api_arith_mpi.o)
 .data          0x000000000000e544        0x0 /home/ez2take/projects/ml_with_tee/arch_rpi3/optee_os/out/arm/export-ta_arm64/lib/libutee.a(tcb.o)
 .data          0x000000000000e544        0x0 /home/ez2take/projects/ml_with_tee/arch_rpi3/optee_os/out/arm/export-ta_arm64/lib/libmbedtls.a(bignum.o)
 .data          0x000000000000e544        0x0 /home/ez2take/projects/ml_with_tee/arch_rpi3/optee_os/out/arm/export-ta_arm64/lib/libmbedtls.a(platform_util.o)
 .data          0x000000000000e544        0x0 /home/ez2take/projects/ml_with_tee/arch_rpi3/optee_os/out/arm/export-ta_arm64/lib/libutils.a(memmove.o)
 .data          0x000000000000e544        0x0 /home/ez2take/projects/ml_with_tee/arch_rpi3/optee_os/out/arm/export-ta_arm64/lib/libutils.a(mempool.o)
 .data          0x000000000000e544        0x0 /home/ez2take/projects/ml_with_tee/arch_rpi3/optee_os/out/arm/export-ta_arm64/lib/libutils.a(consttime_memcmp.o)

.bss            0x000000000000e548  0x20030b0
 *(SORT_BY_ALIGNMENT(.bss) SORT_BY_ALIGNMENT(.bss.*) SORT_BY_ALIGNMENT(.gnu.linkonce.b.*) SORT_BY_ALIGNMENT(COMMON))
 .bss           0x000000000000e548       0x20 ./ml_with_tee_ta.o
 .bss           0x000000000000e568        0x8 /home/ez2take/projects/ml_with_tee/arch_rpi3/optee_os/out/arm/export-ta_arm64/lib/libutee.a(tee_api.o)
 .bss           0x000000000000e570        0x8 /home/ez2take/projects/ml_with_tee/arch_rpi3/optee_os/out/arm/export-ta_arm64/lib/libutee.a(tee_system_pta.o)
 .bss           0x000000000000e578       0x64 /home/ez2take/projects/ml_with_tee/arch_rpi3/optee_os/out/arm/export-ta_arm64/lib/libutee.a(user_ta_entry.o)
                0x000000000000e588                __elf_phdr_info
                0x000000000000e598                ta_params
                0x000000000000e5d8                ta_param_types
 *fill*         0x000000000000e5dc        0x4 
 .bss           0x000000000000e5e0     0x3000 /home/ez2take/projects/ml_with_tee/arch_rpi3/optee_os/out/arm/export-ta_arm64/lib/libutee.a(tee_api_arith_mpi.o)
 .bss           0x00000000000115e0       0x10 /home/ez2take/projects/ml_with_tee/arch_rpi3/optee_os/out/arm/export-ta_arm64/lib/libutee.a(tcb.o)
 .bss           0x00000000000115f0        0x8 /home/ez2take/projects/ml_with_tee/arch_rpi3/optee_os/out/arm/export-ta_arm64/lib/libmbedtls.a(bignum.o)
                0x00000000000115f0                mbedtls_mpi_mempool
 .bss           0x00000000000115f8  0x2000000 ./user_ta_header.o
                0x00000000000115f8                ta_heap
 .bss           0x00000000020115f8        0x0 /home/ez2take/projects/ml_with_tee/arch_rpi3/optee_os/out/arm/export-ta_arm64/lib/libutils.a(bget_malloc.o)
 .bss           0x00000000020115f8        0x0 /home/ez2take/projects/ml_with_tee/arch_rpi3/optee_os/out/arm/export-ta_arm64/lib/libutils.a(snprintf.o)
 .bss           0x00000000020115f8        0x0 /home/ez2take/projects/ml_with_tee/arch_rpi3/optee_os/out/arm/export-ta_arm64/lib/libutils.a(memcpy.o)
 .bss           0x00000000020115f8        0x0 /home/ez2take/projects/ml_with_tee/arch_rpi3/optee_os/out/arm/export-ta_arm64/lib/libutils.a(memset.o)
 .bss           0x00000000020115f8        0x0 /home/ez2take/projects/ml_with_tee/arch_rpi3/optee_os/out/arm/export-ta_arm64/lib/libutils.a(snprintk.o)
 .bss           0x00000000020115f8        0x0 /home/ez2take/projects/ml_with_tee/arch_rpi3/optee_os/out/arm/export-ta_arm64/lib/libutils.a(trace.o)
 .bss           0x00000000020115f8        0x0 /home/ez2take/projects/ml_with_tee/arch_rpi3/optee_os/out/arm/export-ta_arm64/lib/libutils.a(memchr.o)
 .bss           0x00000000020115f8        0x0 /home/ez2take/projects/ml_with_tee/arch_rpi3/optee_os/out/arm/export-ta_arm64/lib/libutils.a(strlen.o)
 .bss           0x00000000020115f8        0x0 /home/ez2take/projects/ml_with_tee/arch_rpi3/optee_os/out/arm/export-ta_arm64/lib/libutee.a(assert.o)
 .bss           0x00000000020115f8        0x0 /home/ez2take/projects/ml_with_tee/arch_rpi3/optee_os/out/arm/export-ta_arm64/lib/libutee.a(trace_ext.o)
 .bss           0x00000000020115f8        0x0 /home/ez2take/projects/ml_with_tee/arch_rpi3/optee_os/out/arm/export-ta_arm64/lib/libutee.a(tee_api_panic.o)
 .bss           0x00000000020115f8        0x0 /home/ez2take/projects/ml_with_tee/arch_rpi3/optee_os/out/arm/export-ta_arm64/lib/libutee.a(utee_syscalls_a64.o)
 .bss           0x00000000020115f8        0x0 /home/ez2take/projects/ml_with_tee/arch_rpi3/optee_os/out/arm/export-ta_arm64/lib/libutee.a(abort.o)
 .bss           0x00000000020115f8        0x0 /home/ez2take/projects/ml_with_tee/arch_rpi3/optee_os/out/arm/export-ta_arm64/lib/libmbedtls.a(platform_util.o)
 .bss           0x00000000020115f8        0x0 /home/ez2take/projects/ml_with_tee/arch_rpi3/optee_os/out/arm/export-ta_arm64/lib/libutils.a(memmove.o)
 .bss           0x00000000020115f8        0x0 /home/ez2take/projects/ml_with_tee/arch_rpi3/optee_os/out/arm/export-ta_arm64/lib/libutils.a(mempool.o)
 .bss           0x00000000020115f8        0x0 /home/ez2take/projects/ml_with_tee/arch_rpi3/optee_os/out/arm/export-ta_arm64/lib/libutils.a(consttime_memcmp.o)
                0x00000000020115f8                . = ALIGN (0x8)
                0x00000000020115f8                __ftrace_buf_start = .
                0x00000000020115f8                . = (. + DEFINED (_mcount)?0x800:0x0)
                0x00000000020115f8                __ftrace_buf_end = .

.dynbss         0x00000000020115f8        0x0
 .dynbss        0x00000000020115f8        0x0 ./ml_with_tee_ta.o

/DISCARD/
 *(SORT_BY_ALIGNMENT(.interp))
LOAD ./ml_with_tee_ta.o
LOAD ./user_ta_header.o
START GROUP
LOAD /home/ez2take/projects/ml_with_tee/arch_rpi3/optee_os/out/arm/export-ta_arm64/lib/libutils.a
LOAD /home/ez2take/projects/ml_with_tee/arch_rpi3/optee_os/out/arm/export-ta_arm64/lib/libutee.a
LOAD /home/ez2take/projects/ml_with_tee/arch_rpi3/optee_os/out/arm/export-ta_arm64/lib/libmbedtls.a
LOAD /home/ez2take/projects/ml_with_tee/arch_rpi3/optee_os/out/arm/export-ta_arm64/lib/libdl.a
END GROUP
LOAD /home/ez2take/toolchains/gcc-arm-10.2-2020.11-x86_64-aarch64-none-linux-gnu/bin/../lib/gcc/aarch64-none-linux-gnu/10.2.1/libgcc.a
LOAD /home/ez2take/projects/ml_with_tee/arch_rpi3/optee_os/out/arm/export-ta_arm64/lib/libutils.a
OUTPUT(9d4b104f-840c-431b-ba18-01f7534f5ce8.elf elf64-littleaarch64)
LOAD linker stubs

.debug_info     0x0000000000000000    0x14ffa
 .debug_info    0x0000000000000000     0x180f ./ml_with_tee_ta.o
 .debug_info    0x000000000000180f      0x439 ./user_ta_header.o
 .debug_info    0x0000000000001c48     0x24ee /home/ez2take/projects/ml_with_tee/arch_rpi3/optee_os/out/arm/export-ta_arm64/lib/libutils.a(bget_malloc.o)
 .debug_info    0x0000000000004136      0x242 /home/ez2take/projects/ml_with_tee/arch_rpi3/optee_os/out/arm/export-ta_arm64/lib/libutils.a(snprintf.o)
 .debug_info    0x0000000000004378      0x12e /home/ez2take/projects/ml_with_tee/arch_rpi3/optee_os/out/arm/export-ta_arm64/lib/libutils.a(memcpy.o)
 .debug_info    0x00000000000044a6       0xc8 /home/ez2take/projects/ml_with_tee/arch_rpi3/optee_os/out/arm/export-ta_arm64/lib/libutils.a(memset.o)
 .debug_info    0x000000000000456e      0x924 /home/ez2take/projects/ml_with_tee/arch_rpi3/optee_os/out/arm/export-ta_arm64/lib/libutils.a(snprintk.o)
 .debug_info    0x0000000000004e92      0x69d /home/ez2take/projects/ml_with_tee/arch_rpi3/optee_os/out/arm/export-ta_arm64/lib/libutils.a(trace.o)
 .debug_info    0x000000000000552f       0xf8 /home/ez2take/projects/ml_with_tee/arch_rpi3/optee_os/out/arm/export-ta_arm64/lib/libutils.a(memchr.o)
 .debug_info    0x0000000000005627       0xb0 /home/ez2take/projects/ml_with_tee/arch_rpi3/optee_os/out/arm/export-ta_arm64/lib/libutils.a(strlen.o)
 .debug_info    0x00000000000056d7      0x191 /home/ez2take/projects/ml_with_tee/arch_rpi3/optee_os/out/arm/export-ta_arm64/lib/libutee.a(assert.o)
 .debug_info    0x0000000000005868      0x33c /home/ez2take/projects/ml_with_tee/arch_rpi3/optee_os/out/arm/export-ta_arm64/lib/libutee.a(trace_ext.o)
 .debug_info    0x0000000000005ba4     0x1517 /home/ez2take/projects/ml_with_tee/arch_rpi3/optee_os/out/arm/export-ta_arm64/lib/libutee.a(tee_api.o)
 .debug_info    0x00000000000070bb      0x75b /home/ez2take/projects/ml_with_tee/arch_rpi3/optee_os/out/arm/export-ta_arm64/lib/libutee.a(tee_api_panic.o)
 .debug_info    0x0000000000007816      0x70b /home/ez2take/projects/ml_with_tee/arch_rpi3/optee_os/out/arm/export-ta_arm64/lib/libutee.a(tee_system_pta.o)
 .debug_info    0x0000000000007f21       0x22 /home/ez2take/projects/ml_with_tee/arch_rpi3/optee_os/out/arm/export-ta_arm64/lib/libutee.a(utee_syscalls_a64.o)
 .debug_info    0x0000000000007f43     0x14bb /home/ez2take/projects/ml_with_tee/arch_rpi3/optee_os/out/arm/export-ta_arm64/lib/libutee.a(user_ta_entry.o)
 .debug_info    0x00000000000093fe       0xdc /home/ez2take/projects/ml_with_tee/arch_rpi3/optee_os/out/arm/export-ta_arm64/lib/libutee.a(abort.o)
 .debug_info    0x00000000000094da     0x45d6 /home/ez2take/projects/ml_with_tee/arch_rpi3/optee_os/out/arm/export-ta_arm64/lib/libutee.a(tee_api_arith_mpi.o)
 .debug_info    0x000000000000dab0      0x78e /home/ez2take/projects/ml_with_tee/arch_rpi3/optee_os/out/arm/export-ta_arm64/lib/libutee.a(tcb.o)
 .debug_info    0x000000000000e23e     0x655f /home/ez2take/projects/ml_with_tee/arch_rpi3/optee_os/out/arm/export-ta_arm64/lib/libmbedtls.a(bignum.o)
 .debug_info    0x000000000001479d      0x11e /home/ez2take/projects/ml_with_tee/arch_rpi3/optee_os/out/arm/export-ta_arm64/lib/libmbedtls.a(platform_util.o)
 .debug_info    0x00000000000148bb       0xf5 /home/ez2take/projects/ml_with_tee/arch_rpi3/optee_os/out/arm/export-ta_arm64/lib/libutils.a(memmove.o)
 .debug_info    0x00000000000149b0      0x51d /home/ez2take/projects/ml_with_tee/arch_rpi3/optee_os/out/arm/export-ta_arm64/lib/libutils.a(mempool.o)
 .debug_info    0x0000000000014ecd      0x12d /home/ez2take/projects/ml_with_tee/arch_rpi3/optee_os/out/arm/export-ta_arm64/lib/libutils.a(consttime_memcmp.o)

.debug_abbrev   0x0000000000000000     0x3311
 .debug_abbrev  0x0000000000000000      0x3bc ./ml_with_tee_ta.o
 .debug_abbrev  0x00000000000003bc      0x1b4 ./user_ta_header.o
 .debug_abbrev  0x0000000000000570      0x3f3 /home/ez2take/projects/ml_with_tee/arch_rpi3/optee_os/out/arm/export-ta_arm64/lib/libutils.a(bget_malloc.o)
 .debug_abbrev  0x0000000000000963      0x138 /home/ez2take/projects/ml_with_tee/arch_rpi3/optee_os/out/arm/export-ta_arm64/lib/libutils.a(snprintf.o)
 .debug_abbrev  0x0000000000000a9b       0xb8 /home/ez2take/projects/ml_with_tee/arch_rpi3/optee_os/out/arm/export-ta_arm64/lib/libutils.a(memcpy.o)
 .debug_abbrev  0x0000000000000b53       0xa3 /home/ez2take/projects/ml_with_tee/arch_rpi3/optee_os/out/arm/export-ta_arm64/lib/libutils.a(memset.o)
 .debug_abbrev  0x0000000000000bf6      0x2cf /home/ez2take/projects/ml_with_tee/arch_rpi3/optee_os/out/arm/export-ta_arm64/lib/libutils.a(snprintk.o)
 .debug_abbrev  0x0000000000000ec5      0x275 /home/ez2take/projects/ml_with_tee/arch_rpi3/optee_os/out/arm/export-ta_arm64/lib/libutils.a(trace.o)
 .debug_abbrev  0x000000000000113a       0xb2 /home/ez2take/projects/ml_with_tee/arch_rpi3/optee_os/out/arm/export-ta_arm64/lib/libutils.a(memchr.o)
 .debug_abbrev  0x00000000000011ec       0x87 /home/ez2take/projects/ml_with_tee/arch_rpi3/optee_os/out/arm/export-ta_arm64/lib/libutils.a(strlen.o)
 .debug_abbrev  0x0000000000001273       0xb6 /home/ez2take/projects/ml_with_tee/arch_rpi3/optee_os/out/arm/export-ta_arm64/lib/libutee.a(assert.o)
 .debug_abbrev  0x0000000000001329      0x176 /home/ez2take/projects/ml_with_tee/arch_rpi3/optee_os/out/arm/export-ta_arm64/lib/libutee.a(trace_ext.o)
 .debug_abbrev  0x000000000000149f      0x406 /home/ez2take/projects/ml_with_tee/arch_rpi3/optee_os/out/arm/export-ta_arm64/lib/libutee.a(tee_api.o)
 .debug_abbrev  0x00000000000018a5      0x1d8 /home/ez2take/projects/ml_with_tee/arch_rpi3/optee_os/out/arm/export-ta_arm64/lib/libutee.a(tee_api_panic.o)
 .debug_abbrev  0x0000000000001a7d      0x243 /home/ez2take/projects/ml_with_tee/arch_rpi3/optee_os/out/arm/export-ta_arm64/lib/libutee.a(tee_system_pta.o)
 .debug_abbrev  0x0000000000001cc0       0x12 /home/ez2take/projects/ml_with_tee/arch_rpi3/optee_os/out/arm/export-ta_arm64/lib/libutee.a(utee_syscalls_a64.o)
 .debug_abbrev  0x0000000000001cd2      0x4e0 /home/ez2take/projects/ml_with_tee/arch_rpi3/optee_os/out/arm/export-ta_arm64/lib/libutee.a(user_ta_entry.o)
 .debug_abbrev  0x00000000000021b2       0x94 /home/ez2take/projects/ml_with_tee/arch_rpi3/optee_os/out/arm/export-ta_arm64/lib/libutee.a(abort.o)
 .debug_abbrev  0x0000000000002246      0x4d7 /home/ez2take/projects/ml_with_tee/arch_rpi3/optee_os/out/arm/export-ta_arm64/lib/libutee.a(tee_api_arith_mpi.o)
 .debug_abbrev  0x000000000000271d      0x269 /home/ez2take/projects/ml_with_tee/arch_rpi3/optee_os/out/arm/export-ta_arm64/lib/libutee.a(tcb.o)
 .debug_abbrev  0x0000000000002986      0x570 /home/ez2take/projects/ml_with_tee/arch_rpi3/optee_os/out/arm/export-ta_arm64/lib/libmbedtls.a(bignum.o)
 .debug_abbrev  0x0000000000002ef6       0xc3 /home/ez2take/projects/ml_with_tee/arch_rpi3/optee_os/out/arm/export-ta_arm64/lib/libmbedtls.a(platform_util.o)
 .debug_abbrev  0x0000000000002fb9       0xa4 /home/ez2take/projects/ml_with_tee/arch_rpi3/optee_os/out/arm/export-ta_arm64/lib/libutils.a(memmove.o)
 .debug_abbrev  0x000000000000305d      0x1f4 /home/ez2take/projects/ml_with_tee/arch_rpi3/optee_os/out/arm/export-ta_arm64/lib/libutils.a(mempool.o)
 .debug_abbrev  0x0000000000003251       0xc0 /home/ez2take/projects/ml_with_tee/arch_rpi3/optee_os/out/arm/export-ta_arm64/lib/libutils.a(consttime_memcmp.o)

.debug_loc      0x0000000000000000    0x1ee09
 .debug_loc     0x0000000000000000     0x10ce ./ml_with_tee_ta.o
 .debug_loc     0x00000000000010ce      0x119 ./user_ta_header.o
 .debug_loc     0x00000000000011e7     0x4483 /home/ez2take/projects/ml_with_tee/arch_rpi3/optee_os/out/arm/export-ta_arm64/lib/libutils.a(bget_malloc.o)
 .debug_loc     0x000000000000566a      0x1d2 /home/ez2take/projects/ml_with_tee/arch_rpi3/optee_os/out/arm/export-ta_arm64/lib/libutils.a(snprintf.o)
 .debug_loc     0x000000000000583c      0x679 /home/ez2take/projects/ml_with_tee/arch_rpi3/optee_os/out/arm/export-ta_arm64/lib/libutils.a(memcpy.o)
 .debug_loc     0x0000000000005eb5       0xe9 /home/ez2take/projects/ml_with_tee/arch_rpi3/optee_os/out/arm/export-ta_arm64/lib/libutils.a(memset.o)
 .debug_loc     0x0000000000005f9e     0x2c2b /home/ez2take/projects/ml_with_tee/arch_rpi3/optee_os/out/arm/export-ta_arm64/lib/libutils.a(snprintk.o)
 .debug_loc     0x0000000000008bc9      0x705 /home/ez2take/projects/ml_with_tee/arch_rpi3/optee_os/out/arm/export-ta_arm64/lib/libutils.a(trace.o)
 .debug_loc     0x00000000000092ce      0x130 /home/ez2take/projects/ml_with_tee/arch_rpi3/optee_os/out/arm/export-ta_arm64/lib/libutils.a(memchr.o)
 .debug_loc     0x00000000000093fe       0x8c /home/ez2take/projects/ml_with_tee/arch_rpi3/optee_os/out/arm/export-ta_arm64/lib/libutils.a(strlen.o)
 .debug_loc     0x000000000000948a      0x149 /home/ez2take/projects/ml_with_tee/arch_rpi3/optee_os/out/arm/export-ta_arm64/lib/libutee.a(assert.o)
 .debug_loc     0x00000000000095d3      0x1c4 /home/ez2take/projects/ml_with_tee/arch_rpi3/optee_os/out/arm/export-ta_arm64/lib/libutee.a(trace_ext.o)
 .debug_loc     0x0000000000009797     0x1932 /home/ez2take/projects/ml_with_tee/arch_rpi3/optee_os/out/arm/export-ta_arm64/lib/libutee.a(tee_api.o)
 .debug_loc     0x000000000000b0c9      0x9a3 /home/ez2take/projects/ml_with_tee/arch_rpi3/optee_os/out/arm/export-ta_arm64/lib/libutee.a(tee_api_panic.o)
 .debug_loc     0x000000000000ba6c      0x7cc /home/ez2take/projects/ml_with_tee/arch_rpi3/optee_os/out/arm/export-ta_arm64/lib/libutee.a(tee_system_pta.o)
 .debug_loc     0x000000000000c238     0x11f2 /home/ez2take/projects/ml_with_tee/arch_rpi3/optee_os/out/arm/export-ta_arm64/lib/libutee.a(user_ta_entry.o)
 .debug_loc     0x000000000000d42a     0x475e /home/ez2take/projects/ml_with_tee/arch_rpi3/optee_os/out/arm/export-ta_arm64/lib/libutee.a(tee_api_arith_mpi.o)
 .debug_loc     0x0000000000011b88      0x62b /home/ez2take/projects/ml_with_tee/arch_rpi3/optee_os/out/arm/export-ta_arm64/lib/libutee.a(tcb.o)
 .debug_loc     0x00000000000121b3     0xbfdf /home/ez2take/projects/ml_with_tee/arch_rpi3/optee_os/out/arm/export-ta_arm64/lib/libmbedtls.a(bignum.o)
 .debug_loc     0x000000000001e192       0xb9 /home/ez2take/projects/ml_with_tee/arch_rpi3/optee_os/out/arm/export-ta_arm64/lib/libmbedtls.a(platform_util.o)
 .debug_loc     0x000000000001e24b      0x377 /home/ez2take/projects/ml_with_tee/arch_rpi3/optee_os/out/arm/export-ta_arm64/lib/libutils.a(memmove.o)
 .debug_loc     0x000000000001e5c2      0x624 /home/ez2take/projects/ml_with_tee/arch_rpi3/optee_os/out/arm/export-ta_arm64/lib/libutils.a(mempool.o)
 .debug_loc     0x000000000001ebe6      0x223 /home/ez2take/projects/ml_with_tee/arch_rpi3/optee_os/out/arm/export-ta_arm64/lib/libutils.a(consttime_memcmp.o)

.debug_aranges  0x0000000000000000      0x830
 .debug_aranges
                0x0000000000000000       0x30 ./ml_with_tee_ta.o
 .debug_aranges
                0x0000000000000030       0x30 ./user_ta_header.o
 .debug_aranges
                0x0000000000000060       0x30 /home/ez2take/projects/ml_with_tee/arch_rpi3/optee_os/out/arm/export-ta_arm64/lib/libutils.a(bget_malloc.o)
 .debug_aranges
                0x0000000000000090       0x30 /home/ez2take/projects/ml_with_tee/arch_rpi3/optee_os/out/arm/export-ta_arm64/lib/libutils.a(snprintf.o)
 .debug_aranges
                0x00000000000000c0       0x30 /home/ez2take/projects/ml_with_tee/arch_rpi3/optee_os/out/arm/export-ta_arm64/lib/libutils.a(memcpy.o)
 .debug_aranges
                0x00000000000000f0       0x30 /home/ez2take/projects/ml_with_tee/arch_rpi3/optee_os/out/arm/export-ta_arm64/lib/libutils.a(memset.o)
 .debug_aranges
                0x0000000000000120       0x30 /home/ez2take/projects/ml_with_tee/arch_rpi3/optee_os/out/arm/export-ta_arm64/lib/libutils.a(snprintk.o)
 .debug_aranges
                0x0000000000000150       0x30 /home/ez2take/projects/ml_with_tee/arch_rpi3/optee_os/out/arm/export-ta_arm64/lib/libutils.a(trace.o)
 .debug_aranges
                0x0000000000000180       0x30 /home/ez2take/projects/ml_with_tee/arch_rpi3/optee_os/out/arm/export-ta_arm64/lib/libutils.a(memchr.o)
 .debug_aranges
                0x00000000000001b0       0x30 /home/ez2take/projects/ml_with_tee/arch_rpi3/optee_os/out/arm/export-ta_arm64/lib/libutils.a(strlen.o)
 .debug_aranges
                0x00000000000001e0       0x30 /home/ez2take/projects/ml_with_tee/arch_rpi3/optee_os/out/arm/export-ta_arm64/lib/libutee.a(assert.o)
 .debug_aranges
                0x0000000000000210       0x30 /home/ez2take/projects/ml_with_tee/arch_rpi3/optee_os/out/arm/export-ta_arm64/lib/libutee.a(trace_ext.o)
 .debug_aranges
                0x0000000000000240       0x30 /home/ez2take/projects/ml_with_tee/arch_rpi3/optee_os/out/arm/export-ta_arm64/lib/libutee.a(tee_api.o)
 .debug_aranges
                0x0000000000000270       0x30 /home/ez2take/projects/ml_with_tee/arch_rpi3/optee_os/out/arm/export-ta_arm64/lib/libutee.a(tee_api_panic.o)
 .debug_aranges
                0x00000000000002a0       0x30 /home/ez2take/projects/ml_with_tee/arch_rpi3/optee_os/out/arm/export-ta_arm64/lib/libutee.a(tee_system_pta.o)
 .debug_aranges
                0x00000000000002d0      0x3b0 /home/ez2take/projects/ml_with_tee/arch_rpi3/optee_os/out/arm/export-ta_arm64/lib/libutee.a(utee_syscalls_a64.o)
 .debug_aranges
                0x0000000000000680       0x30 /home/ez2take/projects/ml_with_tee/arch_rpi3/optee_os/out/arm/export-ta_arm64/lib/libutee.a(user_ta_entry.o)
 .debug_aranges
                0x00000000000006b0       0x30 /home/ez2take/projects/ml_with_tee/arch_rpi3/optee_os/out/arm/export-ta_arm64/lib/libutee.a(abort.o)
 .debug_aranges
                0x00000000000006e0       0x30 /home/ez2take/projects/ml_with_tee/arch_rpi3/optee_os/out/arm/export-ta_arm64/lib/libutee.a(tee_api_arith_mpi.o)
 .debug_aranges
                0x0000000000000710       0x30 /home/ez2take/projects/ml_with_tee/arch_rpi3/optee_os/out/arm/export-ta_arm64/lib/libutee.a(tcb.o)
 .debug_aranges
                0x0000000000000740       0x30 /home/ez2take/projects/ml_with_tee/arch_rpi3/optee_os/out/arm/export-ta_arm64/lib/libmbedtls.a(bignum.o)
 .debug_aranges
                0x0000000000000770       0x30 /home/ez2take/projects/ml_with_tee/arch_rpi3/optee_os/out/arm/export-ta_arm64/lib/libmbedtls.a(platform_util.o)
 .debug_aranges
                0x00000000000007a0       0x30 /home/ez2take/projects/ml_with_tee/arch_rpi3/optee_os/out/arm/export-ta_arm64/lib/libutils.a(memmove.o)
 .debug_aranges
                0x00000000000007d0       0x30 /home/ez2take/projects/ml_with_tee/arch_rpi3/optee_os/out/arm/export-ta_arm64/lib/libutils.a(mempool.o)
 .debug_aranges
                0x0000000000000800       0x30 /home/ez2take/projects/ml_with_tee/arch_rpi3/optee_os/out/arm/export-ta_arm64/lib/libutils.a(consttime_memcmp.o)

.debug_ranges   0x0000000000000000     0x1b10
 .debug_ranges  0x0000000000000000       0x30 ./ml_with_tee_ta.o
 .debug_ranges  0x0000000000000030      0x830 /home/ez2take/projects/ml_with_tee/arch_rpi3/optee_os/out/arm/export-ta_arm64/lib/libutils.a(bget_malloc.o)
 .debug_ranges  0x0000000000000860       0x30 /home/ez2take/projects/ml_with_tee/arch_rpi3/optee_os/out/arm/export-ta_arm64/lib/libutils.a(snprintk.o)
 .debug_ranges  0x0000000000000890       0x70 /home/ez2take/projects/ml_with_tee/arch_rpi3/optee_os/out/arm/export-ta_arm64/lib/libutils.a(trace.o)
 .debug_ranges  0x0000000000000900       0xa0 /home/ez2take/projects/ml_with_tee/arch_rpi3/optee_os/out/arm/export-ta_arm64/lib/libutee.a(tee_api.o)
 .debug_ranges  0x00000000000009a0       0xb0 /home/ez2take/projects/ml_with_tee/arch_rpi3/optee_os/out/arm/export-ta_arm64/lib/libutee.a(tee_api_panic.o)
 .debug_ranges  0x0000000000000a50       0x40 /home/ez2take/projects/ml_with_tee/arch_rpi3/optee_os/out/arm/export-ta_arm64/lib/libutee.a(tee_system_pta.o)
 .debug_ranges  0x0000000000000a90      0x3b0 /home/ez2take/projects/ml_with_tee/arch_rpi3/optee_os/out/arm/export-ta_arm64/lib/libutee.a(utee_syscalls_a64.o)
 .debug_ranges  0x0000000000000e40      0x180 /home/ez2take/projects/ml_with_tee/arch_rpi3/optee_os/out/arm/export-ta_arm64/lib/libutee.a(user_ta_entry.o)
 .debug_ranges  0x0000000000000fc0       0x20 /home/ez2take/projects/ml_with_tee/arch_rpi3/optee_os/out/arm/export-ta_arm64/lib/libutee.a(abort.o)
 .debug_ranges  0x0000000000000fe0      0x580 /home/ez2take/projects/ml_with_tee/arch_rpi3/optee_os/out/arm/export-ta_arm64/lib/libutee.a(tee_api_arith_mpi.o)
 .debug_ranges  0x0000000000001560      0x5b0 /home/ez2take/projects/ml_with_tee/arch_rpi3/optee_os/out/arm/export-ta_arm64/lib/libmbedtls.a(bignum.o)

.debug_macro    0x0000000000000000    0x134fe
 .debug_macro   0x0000000000000000      0x1b0 ./ml_with_tee_ta.o
 .debug_macro   0x00000000000001b0      0x9a0 ./ml_with_tee_ta.o
 .debug_macro   0x0000000000000b50      0x16d ./ml_with_tee_ta.o
 .debug_macro   0x0000000000000cbd       0xf3 ./ml_with_tee_ta.o
 .debug_macro   0x0000000000000db0      0x9b3 ./ml_with_tee_ta.o
 .debug_macro   0x0000000000001763       0x7c ./ml_with_tee_ta.o
 .debug_macro   0x00000000000017df      0x1a7 ./ml_with_tee_ta.o
 .debug_macro   0x0000000000001986       0xc4 ./ml_with_tee_ta.o
 .debug_macro   0x0000000000001a4a       0x22 ./ml_with_tee_ta.o
 .debug_macro   0x0000000000001a6c       0x35 ./ml_with_tee_ta.o
 .debug_macro   0x0000000000001aa1       0x58 ./ml_with_tee_ta.o
 .debug_macro   0x0000000000001af9       0x34 ./ml_with_tee_ta.o
 .debug_macro   0x0000000000001b2d       0x79 ./ml_with_tee_ta.o
 .debug_macro   0x0000000000001ba6       0x10 ./ml_with_tee_ta.o
 .debug_macro   0x0000000000001bb6       0xd6 ./ml_with_tee_ta.o
 .debug_macro   0x0000000000001c8c       0x3a ./ml_with_tee_ta.o
 .debug_macro   0x0000000000001cc6       0x1c ./ml_with_tee_ta.o
 .debug_macro   0x0000000000001ce2       0x1c ./ml_with_tee_ta.o
 .debug_macro   0x0000000000001cfe       0x16 ./ml_with_tee_ta.o
 .debug_macro   0x0000000000001d14       0x2e ./ml_with_tee_ta.o
 .debug_macro   0x0000000000001d42       0x33 ./ml_with_tee_ta.o
 .debug_macro   0x0000000000001d75       0x28 ./ml_with_tee_ta.o
 .debug_macro   0x0000000000001d9d       0x46 ./ml_with_tee_ta.o
 .debug_macro   0x0000000000001de3      0x157 ./user_ta_header.o
 .debug_macro   0x0000000000001f3a      0x9a0 ./user_ta_header.o
 .debug_macro   0x00000000000028da       0xe1 ./user_ta_header.o
 .debug_macro   0x00000000000029bb       0x76 ./user_ta_header.o
 .debug_macro   0x0000000000002a31       0x28 ./user_ta_header.o
 .debug_macro   0x0000000000002a59      0x153 /home/ez2take/projects/ml_with_tee/arch_rpi3/optee_os/out/arm/export-ta_arm64/lib/libutils.a(bget_malloc.o)
 .debug_macro   0x0000000000002bac      0x970 /home/ez2take/projects/ml_with_tee/arch_rpi3/optee_os/out/arm/export-ta_arm64/lib/libutils.a(bget_malloc.o)
 .debug_macro   0x000000000000351c      0x485 /home/ez2take/projects/ml_with_tee/arch_rpi3/optee_os/out/arm/export-ta_arm64/lib/libutils.a(bget_malloc.o)
 .debug_macro   0x00000000000039a1       0x39 /home/ez2take/projects/ml_with_tee/arch_rpi3/optee_os/out/arm/export-ta_arm64/lib/libutils.a(bget_malloc.o)
 .debug_macro   0x00000000000039da       0x16 /home/ez2take/projects/ml_with_tee/arch_rpi3/optee_os/out/arm/export-ta_arm64/lib/libutils.a(bget_malloc.o)
 .debug_macro   0x00000000000039f0       0x78 /home/ez2take/projects/ml_with_tee/arch_rpi3/optee_os/out/arm/export-ta_arm64/lib/libutils.a(bget_malloc.o)
 .debug_macro   0x0000000000003a68       0x10 /home/ez2take/projects/ml_with_tee/arch_rpi3/optee_os/out/arm/export-ta_arm64/lib/libutils.a(bget_malloc.o)
 .debug_macro   0x0000000000003a78       0x3c /home/ez2take/projects/ml_with_tee/arch_rpi3/optee_os/out/arm/export-ta_arm64/lib/libutils.a(bget_malloc.o)
 .debug_macro   0x0000000000003ab4       0x4d /home/ez2take/projects/ml_with_tee/arch_rpi3/optee_os/out/arm/export-ta_arm64/lib/libutils.a(snprintf.o)
 .debug_macro   0x0000000000003b01      0x970 /home/ez2take/projects/ml_with_tee/arch_rpi3/optee_os/out/arm/export-ta_arm64/lib/libutils.a(snprintf.o)
 .debug_macro   0x0000000000004471       0x57 /home/ez2take/projects/ml_with_tee/arch_rpi3/optee_os/out/arm/export-ta_arm64/lib/libutils.a(memcpy.o)
 .debug_macro   0x00000000000044c8      0x96a /home/ez2take/projects/ml_with_tee/arch_rpi3/optee_os/out/arm/export-ta_arm64/lib/libutils.a(memcpy.o)
 .debug_macro   0x0000000000004e32       0x7c /home/ez2take/projects/ml_with_tee/arch_rpi3/optee_os/out/arm/export-ta_arm64/lib/libutils.a(memcpy.o)
 .debug_macro   0x0000000000004eae       0x51 /home/ez2take/projects/ml_with_tee/arch_rpi3/optee_os/out/arm/export-ta_arm64/lib/libutils.a(memset.o)
 .debug_macro   0x0000000000004eff      0x970 /home/ez2take/projects/ml_with_tee/arch_rpi3/optee_os/out/arm/export-ta_arm64/lib/libutils.a(memset.o)
 .debug_macro   0x000000000000586f      0x13d /home/ez2take/projects/ml_with_tee/arch_rpi3/optee_os/out/arm/export-ta_arm64/lib/libutils.a(snprintk.o)
 .debug_macro   0x00000000000059ac      0x970 /home/ez2take/projects/ml_with_tee/arch_rpi3/optee_os/out/arm/export-ta_arm64/lib/libutils.a(snprintk.o)
 .debug_macro   0x000000000000631c       0xd6 /home/ez2take/projects/ml_with_tee/arch_rpi3/optee_os/out/arm/export-ta_arm64/lib/libutils.a(trace.o)
 .debug_macro   0x00000000000063f2      0x970 /home/ez2take/projects/ml_with_tee/arch_rpi3/optee_os/out/arm/export-ta_arm64/lib/libutils.a(trace.o)
 .debug_macro   0x0000000000006d62       0xdb /home/ez2take/projects/ml_with_tee/arch_rpi3/optee_os/out/arm/export-ta_arm64/lib/libutils.a(trace.o)
 .debug_macro   0x0000000000006e3d       0x66 /home/ez2take/projects/ml_with_tee/arch_rpi3/optee_os/out/arm/export-ta_arm64/lib/libutils.a(memchr.o)
 .debug_macro   0x0000000000006ea3      0x970 /home/ez2take/projects/ml_with_tee/arch_rpi3/optee_os/out/arm/export-ta_arm64/lib/libutils.a(memchr.o)
 .debug_macro   0x0000000000007813       0x5a /home/ez2take/projects/ml_with_tee/arch_rpi3/optee_os/out/arm/export-ta_arm64/lib/libutils.a(strlen.o)
 .debug_macro   0x000000000000786d      0x970 /home/ez2take/projects/ml_with_tee/arch_rpi3/optee_os/out/arm/export-ta_arm64/lib/libutils.a(strlen.o)
 .debug_macro   0x00000000000081dd      0x106 /home/ez2take/projects/ml_with_tee/arch_rpi3/optee_os/out/arm/export-ta_arm64/lib/libutee.a(assert.o)
 .debug_macro   0x00000000000082e3      0x970 /home/ez2take/projects/ml_with_tee/arch_rpi3/optee_os/out/arm/export-ta_arm64/lib/libutee.a(assert.o)
 .debug_macro   0x0000000000008c53       0x10 /home/ez2take/projects/ml_with_tee/arch_rpi3/optee_os/out/arm/export-ta_arm64/lib/libutee.a(assert.o)
 .debug_macro   0x0000000000008c63       0xf1 /home/ez2take/projects/ml_with_tee/arch_rpi3/optee_os/out/arm/export-ta_arm64/lib/libutee.a(trace_ext.o)
 .debug_macro   0x0000000000008d54      0x970 /home/ez2take/projects/ml_with_tee/arch_rpi3/optee_os/out/arm/export-ta_arm64/lib/libutee.a(trace_ext.o)
 .debug_macro   0x00000000000096c4      0x183 /home/ez2take/projects/ml_with_tee/arch_rpi3/optee_os/out/arm/export-ta_arm64/lib/libutee.a(tee_api.o)
 .debug_macro   0x0000000000009847      0x970 /home/ez2take/projects/ml_with_tee/arch_rpi3/optee_os/out/arm/export-ta_arm64/lib/libutee.a(tee_api.o)
 .debug_macro   0x000000000000a1b7      0x108 /home/ez2take/projects/ml_with_tee/arch_rpi3/optee_os/out/arm/export-ta_arm64/lib/libutee.a(tee_api_panic.o)
 .debug_macro   0x000000000000a2bf      0x970 /home/ez2take/projects/ml_with_tee/arch_rpi3/optee_os/out/arm/export-ta_arm64/lib/libutee.a(tee_api_panic.o)
 .debug_macro   0x000000000000ac2f       0x28 /home/ez2take/projects/ml_with_tee/arch_rpi3/optee_os/out/arm/export-ta_arm64/lib/libutee.a(tee_api_panic.o)
 .debug_macro   0x000000000000ac57      0x13b /home/ez2take/projects/ml_with_tee/arch_rpi3/optee_os/out/arm/export-ta_arm64/lib/libutee.a(tee_system_pta.o)
 .debug_macro   0x000000000000ad92      0x970 /home/ez2take/projects/ml_with_tee/arch_rpi3/optee_os/out/arm/export-ta_arm64/lib/libutee.a(tee_system_pta.o)
 .debug_macro   0x000000000000b702       0x89 /home/ez2take/projects/ml_with_tee/arch_rpi3/optee_os/out/arm/export-ta_arm64/lib/libutee.a(tee_system_pta.o)
 .debug_macro   0x000000000000b78b      0x1d6 /home/ez2take/projects/ml_with_tee/arch_rpi3/optee_os/out/arm/export-ta_arm64/lib/libutee.a(user_ta_entry.o)
 .debug_macro   0x000000000000b961      0x970 /home/ez2take/projects/ml_with_tee/arch_rpi3/optee_os/out/arm/export-ta_arm64/lib/libutee.a(user_ta_entry.o)
 .debug_macro   0x000000000000c2d1     0x1570 /home/ez2take/projects/ml_with_tee/arch_rpi3/optee_os/out/arm/export-ta_arm64/lib/libutee.a(user_ta_entry.o)
 .debug_macro   0x000000000000d841       0x5f /home/ez2take/projects/ml_with_tee/arch_rpi3/optee_os/out/arm/export-ta_arm64/lib/libutee.a(user_ta_entry.o)
 .debug_macro   0x000000000000d8a0      0x2e9 /home/ez2take/projects/ml_with_tee/arch_rpi3/optee_os/out/arm/export-ta_arm64/lib/libutee.a(user_ta_entry.o)
 .debug_macro   0x000000000000db89       0x34 /home/ez2take/projects/ml_with_tee/arch_rpi3/optee_os/out/arm/export-ta_arm64/lib/libutee.a(user_ta_entry.o)
 .debug_macro   0x000000000000dbbd      0x11d /home/ez2take/projects/ml_with_tee/arch_rpi3/optee_os/out/arm/export-ta_arm64/lib/libutee.a(abort.o)
 .debug_macro   0x000000000000dcda      0x970 /home/ez2take/projects/ml_with_tee/arch_rpi3/optee_os/out/arm/export-ta_arm64/lib/libutee.a(abort.o)
 .debug_macro   0x000000000000e64a      0x1af /home/ez2take/projects/ml_with_tee/arch_rpi3/optee_os/out/arm/export-ta_arm64/lib/libutee.a(tee_api_arith_mpi.o)
 .debug_macro   0x000000000000e7f9      0x970 /home/ez2take/projects/ml_with_tee/arch_rpi3/optee_os/out/arm/export-ta_arm64/lib/libutee.a(tee_api_arith_mpi.o)
 .debug_macro   0x000000000000f169      0x124 /home/ez2take/projects/ml_with_tee/arch_rpi3/optee_os/out/arm/export-ta_arm64/lib/libutee.a(tee_api_arith_mpi.o)
 .debug_macro   0x000000000000f28d       0x12 /home/ez2take/projects/ml_with_tee/arch_rpi3/optee_os/out/arm/export-ta_arm64/lib/libutee.a(tee_api_arith_mpi.o)
 .debug_macro   0x000000000000f29f       0x79 /home/ez2take/projects/ml_with_tee/arch_rpi3/optee_os/out/arm/export-ta_arm64/lib/libutee.a(tee_api_arith_mpi.o)
 .debug_macro   0x000000000000f318      0x1e9 /home/ez2take/projects/ml_with_tee/arch_rpi3/optee_os/out/arm/export-ta_arm64/lib/libutee.a(tee_api_arith_mpi.o)
 .debug_macro   0x000000000000f501      0x189 /home/ez2take/projects/ml_with_tee/arch_rpi3/optee_os/out/arm/export-ta_arm64/lib/libutee.a(tcb.o)
 .debug_macro   0x000000000000f68a      0x970 /home/ez2take/projects/ml_with_tee/arch_rpi3/optee_os/out/arm/export-ta_arm64/lib/libutee.a(tcb.o)
 .debug_macro   0x000000000000fffa       0x10 /home/ez2take/projects/ml_with_tee/arch_rpi3/optee_os/out/arm/export-ta_arm64/lib/libutee.a(tcb.o)
 .debug_macro   0x000000000001000a      0x1c3 /home/ez2take/projects/ml_with_tee/arch_rpi3/optee_os/out/arm/export-ta_arm64/lib/libmbedtls.a(bignum.o)
 .debug_macro   0x00000000000101cd      0x970 /home/ez2take/projects/ml_with_tee/arch_rpi3/optee_os/out/arm/export-ta_arm64/lib/libmbedtls.a(bignum.o)
 .debug_macro   0x0000000000010b3d       0x2b /home/ez2take/projects/ml_with_tee/arch_rpi3/optee_os/out/arm/export-ta_arm64/lib/libmbedtls.a(bignum.o)
 .debug_macro   0x0000000000010b68       0x1e /home/ez2take/projects/ml_with_tee/arch_rpi3/optee_os/out/arm/export-ta_arm64/lib/libmbedtls.a(bignum.o)
 .debug_macro   0x0000000000010b86       0x17 /home/ez2take/projects/ml_with_tee/arch_rpi3/optee_os/out/arm/export-ta_arm64/lib/libmbedtls.a(bignum.o)
 .debug_macro   0x0000000000010b9d       0x10 /home/ez2take/projects/ml_with_tee/arch_rpi3/optee_os/out/arm/export-ta_arm64/lib/libmbedtls.a(bignum.o)
 .debug_macro   0x0000000000010bad      0x15c /home/ez2take/projects/ml_with_tee/arch_rpi3/optee_os/out/arm/export-ta_arm64/lib/libmbedtls.a(platform_util.o)
 .debug_macro   0x0000000000010d09      0x970 /home/ez2take/projects/ml_with_tee/arch_rpi3/optee_os/out/arm/export-ta_arm64/lib/libmbedtls.a(platform_util.o)
 .debug_macro   0x0000000000011679       0x10 /home/ez2take/projects/ml_with_tee/arch_rpi3/optee_os/out/arm/export-ta_arm64/lib/libmbedtls.a(platform_util.o)
 .debug_macro   0x0000000000011689       0x7f /home/ez2take/projects/ml_with_tee/arch_rpi3/optee_os/out/arm/export-ta_arm64/lib/libmbedtls.a(platform_util.o)
 .debug_macro   0x0000000000011708       0x16 /home/ez2take/projects/ml_with_tee/arch_rpi3/optee_os/out/arm/export-ta_arm64/lib/libmbedtls.a(platform_util.o)
 .debug_macro   0x000000000001171e       0x64 /home/ez2take/projects/ml_with_tee/arch_rpi3/optee_os/out/arm/export-ta_arm64/lib/libutils.a(memmove.o)
 .debug_macro   0x0000000000011782      0x970 /home/ez2take/projects/ml_with_tee/arch_rpi3/optee_os/out/arm/export-ta_arm64/lib/libutils.a(memmove.o)
 .debug_macro   0x00000000000120f2       0xed /home/ez2take/projects/ml_with_tee/arch_rpi3/optee_os/out/arm/export-ta_arm64/lib/libutils.a(mempool.o)
 .debug_macro   0x00000000000121df      0x970 /home/ez2take/projects/ml_with_tee/arch_rpi3/optee_os/out/arm/export-ta_arm64/lib/libutils.a(mempool.o)
 .debug_macro   0x0000000000012b4f       0x3f /home/ez2take/projects/ml_with_tee/arch_rpi3/optee_os/out/arm/export-ta_arm64/lib/libutils.a(consttime_memcmp.o)
 .debug_macro   0x0000000000012b8e      0x970 /home/ez2take/projects/ml_with_tee/arch_rpi3/optee_os/out/arm/export-ta_arm64/lib/libutils.a(consttime_memcmp.o)

.debug_line     0x0000000000000000     0xcede
 .debug_line    0x0000000000000000      0x79f ./ml_with_tee_ta.o
 .debug_line    0x000000000000079f      0x332 ./user_ta_header.o
 .debug_line    0x0000000000000ad1     0x12c2 /home/ez2take/projects/ml_with_tee/arch_rpi3/optee_os/out/arm/export-ta_arm64/lib/libutils.a(bget_malloc.o)
 .debug_line    0x0000000000001d93      0x1bd /home/ez2take/projects/ml_with_tee/arch_rpi3/optee_os/out/arm/export-ta_arm64/lib/libutils.a(snprintf.o)
 .debug_line    0x0000000000001f50      0x225 /home/ez2take/projects/ml_with_tee/arch_rpi3/optee_os/out/arm/export-ta_arm64/lib/libutils.a(memcpy.o)
 .debug_line    0x0000000000002175      0x17d /home/ez2take/projects/ml_with_tee/arch_rpi3/optee_os/out/arm/export-ta_arm64/lib/libutils.a(memset.o)
 .debug_line    0x00000000000022f2      0x923 /home/ez2take/projects/ml_with_tee/arch_rpi3/optee_os/out/arm/export-ta_arm64/lib/libutils.a(snprintk.o)
 .debug_line    0x0000000000002c15      0x3e5 /home/ez2take/projects/ml_with_tee/arch_rpi3/optee_os/out/arm/export-ta_arm64/lib/libutils.a(trace.o)
 .debug_line    0x0000000000002ffa      0x196 /home/ez2take/projects/ml_with_tee/arch_rpi3/optee_os/out/arm/export-ta_arm64/lib/libutils.a(memchr.o)
 .debug_line    0x0000000000003190      0x187 /home/ez2take/projects/ml_with_tee/arch_rpi3/optee_os/out/arm/export-ta_arm64/lib/libutils.a(strlen.o)
 .debug_line    0x0000000000003317      0x2be /home/ez2take/projects/ml_with_tee/arch_rpi3/optee_os/out/arm/export-ta_arm64/lib/libutee.a(assert.o)
 .debug_line    0x00000000000035d5      0x306 /home/ez2take/projects/ml_with_tee/arch_rpi3/optee_os/out/arm/export-ta_arm64/lib/libutee.a(trace_ext.o)
 .debug_line    0x00000000000038db      0x9f8 /home/ez2take/projects/ml_with_tee/arch_rpi3/optee_os/out/arm/export-ta_arm64/lib/libutee.a(tee_api.o)
 .debug_line    0x00000000000042d3      0x3bc /home/ez2take/projects/ml_with_tee/arch_rpi3/optee_os/out/arm/export-ta_arm64/lib/libutee.a(tee_api_panic.o)
 .debug_line    0x000000000000468f      0x463 /home/ez2take/projects/ml_with_tee/arch_rpi3/optee_os/out/arm/export-ta_arm64/lib/libutee.a(tee_system_pta.o)
 .debug_line    0x0000000000004af2      0x528 /home/ez2take/projects/ml_with_tee/arch_rpi3/optee_os/out/arm/export-ta_arm64/lib/libutee.a(utee_syscalls_a64.o)
 .debug_line    0x000000000000501a      0xa2f /home/ez2take/projects/ml_with_tee/arch_rpi3/optee_os/out/arm/export-ta_arm64/lib/libutee.a(user_ta_entry.o)
 .debug_line    0x0000000000005a49      0x26f /home/ez2take/projects/ml_with_tee/arch_rpi3/optee_os/out/arm/export-ta_arm64/lib/libutee.a(abort.o)
 .debug_line    0x0000000000005cb8     0x1953 /home/ez2take/projects/ml_with_tee/arch_rpi3/optee_os/out/arm/export-ta_arm64/lib/libutee.a(tee_api_arith_mpi.o)
 .debug_line    0x000000000000760b      0x5a2 /home/ez2take/projects/ml_with_tee/arch_rpi3/optee_os/out/arm/export-ta_arm64/lib/libutee.a(tcb.o)
 .debug_line    0x0000000000007bad     0x486f /home/ez2take/projects/ml_with_tee/arch_rpi3/optee_os/out/arm/export-ta_arm64/lib/libmbedtls.a(bignum.o)
 .debug_line    0x000000000000c41c      0x2d4 /home/ez2take/projects/ml_with_tee/arch_rpi3/optee_os/out/arm/export-ta_arm64/lib/libmbedtls.a(platform_util.o)
 .debug_line    0x000000000000c6f0      0x1bc /home/ez2take/projects/ml_with_tee/arch_rpi3/optee_os/out/arm/export-ta_arm64/lib/libutils.a(memmove.o)
 .debug_line    0x000000000000c8ac      0x401 /home/ez2take/projects/ml_with_tee/arch_rpi3/optee_os/out/arm/export-ta_arm64/lib/libutils.a(mempool.o)
 .debug_line    0x000000000000ccad      0x231 /home/ez2take/projects/ml_with_tee/arch_rpi3/optee_os/out/arm/export-ta_arm64/lib/libutils.a(consttime_memcmp.o)

.debug_str      0x0000000000000000    0x17dec
 .debug_str     0x0000000000000000     0x974b ./ml_with_tee_ta.o
                                       0x9914 (size before relaxing)
 .debug_str     0x000000000000974b      0xeac ./user_ta_header.o
                                       0x984b (size before relaxing)
 .debug_str     0x000000000000a5f7     0x1879 /home/ez2take/projects/ml_with_tee/arch_rpi3/optee_os/out/arm/export-ta_arm64/lib/libutils.a(bget_malloc.o)
                                       0x6b5d (size before relaxing)
 .debug_str     0x000000000000be70       0x63 /home/ez2take/projects/ml_with_tee/arch_rpi3/optee_os/out/arm/export-ta_arm64/lib/libutils.a(snprintf.o)
                                       0x436c (size before relaxing)
 .debug_str     0x000000000000bed3      0x355 /home/ez2take/projects/ml_with_tee/arch_rpi3/optee_os/out/arm/export-ta_arm64/lib/libutils.a(memcpy.o)
                                       0x4445 (size before relaxing)
 .debug_str     0x000000000000c228      0x14b /home/ez2take/projects/ml_with_tee/arch_rpi3/optee_os/out/arm/export-ta_arm64/lib/libutils.a(memset.o)
                                       0x43df (size before relaxing)
 .debug_str     0x000000000000c373      0x5b6 /home/ez2take/projects/ml_with_tee/arch_rpi3/optee_os/out/arm/export-ta_arm64/lib/libutils.a(snprintk.o)
                                       0x5805 (size before relaxing)
 .debug_str     0x000000000000c929      0x104 /home/ez2take/projects/ml_with_tee/arch_rpi3/optee_os/out/arm/export-ta_arm64/lib/libutils.a(trace.o)
                                       0x62cf (size before relaxing)
 .debug_str     0x000000000000ca2d      0x100 /home/ez2take/projects/ml_with_tee/arch_rpi3/optee_os/out/arm/export-ta_arm64/lib/libutils.a(memchr.o)
                                       0x462a (size before relaxing)
 .debug_str     0x000000000000cb2d       0x50 /home/ez2take/projects/ml_with_tee/arch_rpi3/optee_os/out/arm/export-ta_arm64/lib/libutils.a(strlen.o)
                                       0x45c7 (size before relaxing)
 .debug_str     0x000000000000cb7d       0x4c /home/ez2take/projects/ml_with_tee/arch_rpi3/optee_os/out/arm/export-ta_arm64/lib/libutee.a(assert.o)
                                       0x95cf (size before relaxing)
 .debug_str     0x000000000000cbc9       0x5e /home/ez2take/projects/ml_with_tee/arch_rpi3/optee_os/out/arm/export-ta_arm64/lib/libutee.a(trace_ext.o)
                                       0x98de (size before relaxing)
 .debug_str     0x000000000000cc27      0x4f3 /home/ez2take/projects/ml_with_tee/arch_rpi3/optee_os/out/arm/export-ta_arm64/lib/libutee.a(tee_api.o)
                                       0xa8c7 (size before relaxing)
 .debug_str     0x000000000000d11a      0x2d8 /home/ez2take/projects/ml_with_tee/arch_rpi3/optee_os/out/arm/export-ta_arm64/lib/libutee.a(tee_api_panic.o)
                                       0x9b68 (size before relaxing)
 .debug_str     0x000000000000d3f2      0x35e /home/ez2take/projects/ml_with_tee/arch_rpi3/optee_os/out/arm/export-ta_arm64/lib/libutee.a(tee_system_pta.o)
                                       0xa2f4 (size before relaxing)
 .debug_str     0x000000000000d750       0x37 /home/ez2take/projects/ml_with_tee/arch_rpi3/optee_os/out/arm/export-ta_arm64/lib/libutee.a(utee_syscalls_a64.o)
                                         0x6d (size before relaxing)
 .debug_str     0x000000000000d787     0x7569 /home/ez2take/projects/ml_with_tee/arch_rpi3/optee_os/out/arm/export-ta_arm64/lib/libutee.a(user_ta_entry.o)
                                      0x11ab8 (size before relaxing)
 .debug_str     0x0000000000014cf0       0x43 /home/ez2take/projects/ml_with_tee/arch_rpi3/optee_os/out/arm/export-ta_arm64/lib/libutee.a(abort.o)
                                       0x9144 (size before relaxing)
 .debug_str     0x0000000000014d33     0x1c44 /home/ez2take/projects/ml_with_tee/arch_rpi3/optee_os/out/arm/export-ta_arm64/lib/libutee.a(tee_api_arith_mpi.o)